195.167.10.3 - - [27/Aug/2017:08:10:36 +0000] "GET /apple-touch-icon.png HTTP/1.1" 404 511 "-" "MobileSafari/602.1 CFNetwork/811.4.18 Darwin/16.5.0"
195.167.10.3 - - [27/Aug/2017:08:10:36 +0000] "GET /favicon.ico HTTP/1.1" 404 503 "-" "MobileSafari/602.1 CFNetwork/811.4.18 Darwin/16.5.0"
207.46.13.85 - - [27/Aug/2017:08:11:13 +0000] "GET /lu/travel/geo/ms.gif HTTP/1.1" 200 234117 "-" "Mozilla/5.0 (compatible; bingbot/2.0; +http://www.bing.com/bingbot.htm)"
207.46.13.85 - - [27/Aug/2017:08:11:14 +0000] "GET /lu/research/verify-tla/acttableau-small.gif HTTP/1.1" 200 1228 "-" "Mozilla/5.0 (compatible; bingbot/2.0; +http://www.bing.com/bingbot.htm)"
207.46.13.169 - - [27/Aug/2017:08:12:04 +0000] "GET /lu/faces/t76-2.jpeg HTTP/1.1" 200 4596 "-" "Mozilla/5.0 (compatible; bingbot/2.0; +http://www.bing.com/bingbot.htm)"
207.46.13.105 - - [27/Aug/2017:08:12:46 +0000] "GET /damon/recipe/cranberrysauce HTTP/1.1" 200 1441 "-" "Mozilla/5.0 (iPhone; CPU iPhone OS 7_0 like Mac OS X) AppleWebKit/537.51.1 (KHTML, like Gecko) Version/7.0 Mobile/11A465 Safari/9537.53 (compatible; bingbot/2.0; +http://www.bing.com/bingbot.htm)"
79.74.129.176 - - [27/Aug/2017:08:13:17 +0000] "GET /damon/Texts/squadronmottoes.html HTTP/1.1" 200 8479 "https://www.google.co.uk/" "Mozilla/5.0 (iPad; CPU OS 10_3_3 like Mac OS X) AppleWebKit/602.1.50 (KHTML, like Gecko) GSA/33.0.164895372 Mobile/14G60 Safari/602.1"
157.55.39.71 - - [27/Aug/2017:08:13:33 +0000] "GET /lu/programmer/vbdev/vs_snow_1920x1200.jpg HTTP/1.1" 200 456676 "-" "Mozilla/5.0 (compatible; bingbot/2.0; +http://www.bing.com/bingbot.htm)"
62.24.252.133 - - [27/Aug/2017:08:13:48 +0000] "GET /robots.txt HTTP/1.0" 200 352 "http://www.wischik.com/robots.txt" "Mozilla/4.0 (compatible; MSIE 8.0; Windows NT 5.1; Trident/4.0; .NET CLR 2.0.50727; .NET CLR 3.0.04506.648; .NET CLR 3.5.21022; .NET CLR 3.0.4506.2152; .NET CLR 3.5.30729; InfoPath.2)"
62.24.252.133 - - [27/Aug/2017:08:13:48 +0000] "GET /damon/Texts/squadronmottoes.html HTTP/1.0" 200 24770 "http://www.wischik.com/damon/Texts/squadronmottoes.html" "Mozilla/4.0 (compatible; MSIE 8.0; Windows NT 5.1; Trident/4.0; .NET CLR 2.0.50727; .NET CLR 3.0.04506.648; .NET CLR 3.5.21022; .NET CLR 3.0.4506.2152; .NET CLR 3.5.30729; InfoPath.2)"
207.46.13.85 - - [27/Aug/2017:08:14:24 +0000] "GET /lu/photos/snow-tree-sky.jpg HTTP/1.1" 200 115184 "-" "Mozilla/5.0 (compatible; bingbot/2.0; +http://www.bing.com/bingbot.htm)"
157.55.39.71 - - [27/Aug/2017:08:14:28 +0000] "GET /lu/programmer/catalog/2007.05.06%20-%20Flight%20to%20Astoria/IMG_2301.jpg HTTP/1.1" 200 27383 "-" "Mozilla/5.0 (compatible; bingbot/2.0; +http://www.bing.com/bingbot.htm)"
207.46.13.169 - - [27/Aug/2017:08:14:34 +0000] "GET /lu/senses/places-antigua.gif HTTP/1.1" 200 24990 "-" "Mozilla/5.0 (compatible; bingbot/2.0; +http://www.bing.com/bingbot.htm)"
37.196.115.64 - - [27/Aug/2017:08:14:44 +0000] "GET /scr/savers/bbm.html HTTP/1.1" 200 1073 "http://corp.stumbleupon.com/referral-traffic/?url=http%3A%2F%2Fwww.wischik.com%2Fscr%2Fsavers%2Fbbm.html" "Mozilla/5.0 (iPhone; CPU iPhone OS 10_3_3 like Mac OS X) AppleWebKit/603.3.8 (KHTML, like Gecko) Mobile/14G60"
37.196.115.64 - - [27/Aug/2017:08:14:44 +0000] "GET /scr/savers/bbm-img.gif HTTP/1.1" 200 340392 "http://www.wischik.com/scr/savers/bbm.html" "Mozilla/5.0 (iPhone; CPU iPhone OS 10_3_3 like Mac OS X) AppleWebKit/603.3.8 (KHTML, like Gecko) Mobile/14G60"
17.142.159.157 - - [27/Aug/2017:08:14:58 +0000] "GET /robots.txt HTTP/1.1" 200 432 "-" "Mozilla/5.0 (Macintosh; Intel Mac OS X 10_10_1) AppleWebKit/600.2.5 (KHTML, like Gecko) Version/8.0.2 Safari/600.2.5 (Applebot/0.1; +http://www.apple.com/go/applebot)"
17.142.159.157 - - [27/Aug/2017:08:14:58 +0000] "GET /lu/senses/city-of-god.html HTTP/1.1" 200 12505 "-" "Mozilla/5.0 (Macintosh; Intel Mac OS X 10_10_1) AppleWebKit/600.2.5 (KHTML, like Gecko) Version/8.0.2 Safari/600.2.5 (Applebot/0.1; +http://www.apple.com/go/applebot)"
173.44.164.202 - - [27/Aug/2017:08:15:19 +0000] "GET /lu/programmer/changes.xml HTTP/1.0" 200 235754 "http://wischik.com/" "Mozilla/5.0 (Windows NT 10.0; Win64; x64) AppleWebKit/537.36 (KHTML, like Gecko) Chrome/59.0.3071.104 Safari/537.36"
101.180.152.130 - - [27/Aug/2017:08:15:22 +0000] "GET /lu/programmer/packsetup2.html HTTP/1.1" 200 2622 "-" "Mozilla/5.0 (iPad; CPU OS 10_3_1 like Mac OS X) AppleWebKit/603.1.30 (KHTML, like Gecko) Version/10.0 Mobile/14E304 Safari/602.1"
101.180.152.130 - - [27/Aug/2017:08:15:22 +0000] "GET /apple-touch-icon-152x152-precomposed.png HTTP/1.1" 404 526 "-" "MobileSafari/602.1 CFNetwork/811.4.18 Darwin/16.5.0"
101.180.152.130 - - [27/Aug/2017:08:15:23 +0000] "GET /apple-touch-icon-152x152.png HTTP/1.1" 404 517 "-" "MobileSafari/602.1 CFNetwork/811.4.18 Darwin/16.5.0"
101.180.152.130 - - [27/Aug/2017:08:15:23 +0000] "GET /apple-touch-icon-precomposed.png HTTP/1.1" 404 517 "-" "MobileSafari/602.1 CFNetwork/811.4.18 Darwin/16.5.0"
101.180.152.130 - - [27/Aug/2017:08:15:23 +0000] "GET /apple-touch-icon.png HTTP/1.1" 404 511 "-" "MobileSafari/602.1 CFNetwork/811.4.18 Darwin/16.5.0"
101.180.152.130 - - [27/Aug/2017:08:15:24 +0000] "GET /favicon.ico HTTP/1.1" 404 503 "-" "MobileSafari/602.1 CFNetwork/811.4.18 Darwin/16.5.0"
101.180.152.130 - - [27/Aug/2017:08:15:24 +0000] "GET /apple-touch-icon-152x152-precomposed.png HTTP/1.1" 404 525 "-" "MobileSafari/602.1 CFNetwork/811.4.18 Darwin/16.5.0"
101.180.152.130 - - [27/Aug/2017:08:15:25 +0000] "GET /apple-touch-icon-152x152.png HTTP/1.1" 404 517 "-" "MobileSafari/602.1 CFNetwork/811.4.18 Darwin/16.5.0"
101.180.152.130 - - [27/Aug/2017:08:15:25 +0000] "GET /apple-touch-icon-precomposed.png HTTP/1.1" 404 517 "-" "MobileSafari/602.1 CFNetwork/811.4.18 Darwin/16.5.0"
101.180.152.130 - - [27/Aug/2017:08:15:26 +0000] "GET /apple-touch-icon.png HTTP/1.1" 404 511 "-" "MobileSafari/602.1 CFNetwork/811.4.18 Darwin/16.5.0"
101.180.152.130 - - [27/Aug/2017:08:15:26 +0000] "GET /favicon.ico HTTP/1.1" 404 503 "-" "MobileSafari/602.1 CFNetwork/811.4.18 Darwin/16.5.0"
157.55.39.71 - - [27/Aug/2017:08:15:29 +0000] "GET /lu/philosophy/talks/2009.07.22%20-%20Traffic%20Jams%20-%20Balaji%20Prabhakar%20-%20You%20are%20not%20IN%20the%20traffic%20jam...%20you%20ARE%20the%20traffic%20jam.jpg HTTP/1.1" 200 170942 "-" "Mozilla/5.0 (compatible; bingbot/2.0; +http://www.bing.com/bingbot.htm)"
207.46.13.169 - - [27/Aug/2017:08:15:31 +0000] "GET /lu/faces/t139dup.jpeg HTTP/1.1" 200 6435 "-" "Mozilla/5.0 (compatible; bingbot/2.0; +http://www.bing.com/bingbot.htm)"
207.46.13.169 - - [27/Aug/2017:08:15:31 +0000] "GET /lu/senses/sticky/ed/stick-positioning.gif HTTP/1.1" 200 30141 "-" "Mozilla/5.0 (compatible; bingbot/2.0; +http://www.bing.com/bingbot.htm)"
141.8.143.182 - - [27/Aug/2017:08:17:53 +0000] "GET /lu/tarot/thumb_cups.jpg HTTP/1.1" 304 190 "-" "Mozilla/5.0 (compatible; YandexImages/3.0; +http://yandex.com/bots)"
82.132.187.229 - - [27/Aug/2017:08:17:53 +0000] "GET /damon/Texts/myersbriggstrek.html HTTP/1.1" 200 9038 "-" "Mozilla/5.0 (iPhone; CPU iPhone OS 10_3_3 like Mac OS X) AppleWebKit/603.3.8 (KHTML, like Gecko) Version/10.0 Mobile/14G60 Safari/602.1"
82.132.187.229 - - [27/Aug/2017:08:17:54 +0000] "GET /apple-touch-icon-120x120-precomposed.png HTTP/1.1" 404 525 "-" "MobileSafari/602.1 CFNetwork/811.5.4 Darwin/16.7.0"
82.132.187.229 - - [27/Aug/2017:08:17:54 +0000] "GET /apple-touch-icon-120x120.png HTTP/1.1" 404 517 "-" "MobileSafari/602.1 CFNetwork/811.5.4 Darwin/16.7.0"
82.132.187.229 - - [27/Aug/2017:08:17:54 +0000] "GET /apple-touch-icon-precomposed.png HTTP/1.1" 404 517 "-" "MobileSafari/602.1 CFNetwork/811.5.4 Darwin/16.7.0"
82.132.187.229 - - [27/Aug/2017:08:17:54 +0000] "GET /apple-touch-icon.png HTTP/1.1" 404 511 "-" "MobileSafari/602.1 CFNetwork/811.5.4 Darwin/16.7.0"
82.132.187.229 - - [27/Aug/2017:08:17:54 +0000] "GET /favicon.ico HTTP/1.1" 404 503 "-" "MobileSafari/602.1 CFNetwork/811.5.4 Darwin/16.7.0"
95.234.204.74 - - [27/Aug/2017:08:18:20 +0000] "-" 408 0 "-" "-"
95.234.204.74 - - [27/Aug/2017:08:18:20 +0000] "-" 408 0 "-" "-"
217.103.153.151 - - [27/Aug/2017:08:18:45 +0000] "GET /irene/cross/ HTTP/1.1" 200 2729 "https://nl.pinterest.com/" "Mozilla/5.0 (Windows NT 10.0; Win64; x64) AppleWebKit/537.36 (KHTML, like Gecko) Chrome/51.0.2704.79 Safari/537.36 Edge/14.14393"
54.236.1.12 - - [27/Aug/2017:08:18:45 +0000] "GET /irene/cross/ HTTP/1.1" 200 2729 "-" "Mozilla/5.0 (compatible; Pinterestbot/1.0; +http://www.pinterest.com/bot.html)"
217.103.153.151 - - [27/Aug/2017:08:18:45 +0000] "GET /irene/cross/1-small.jpg HTTP/1.1" 200 5095 "http://www.wischik.com/irene/cross/" "Mozilla/5.0 (Windows NT 10.0; Win64; x64) AppleWebKit/537.36 (KHTML, like Gecko) Chrome/51.0.2704.79 Safari/537.36 Edge/14.14393"
217.103.153.151 - - [27/Aug/2017:08:18:45 +0000] "GET /irene/cross/2-small.jpg HTTP/1.1" 200 4384 "http://www.wischik.com/irene/cross/" "Mozilla/5.0 (Windows NT 10.0; Win64; x64) AppleWebKit/537.36 (KHTML, like Gecko) Chrome/51.0.2704.79 Safari/537.36 Edge/14.14393"
217.103.153.151 - - [27/Aug/2017:08:18:45 +0000] "GET /irene/cross/3-small.jpg HTTP/1.1" 200 4837 "http://www.wischik.com/irene/cross/" "Mozilla/5.0 (Windows NT 10.0; Win64; x64) AppleWebKit/537.36 (KHTML, like Gecko) Chrome/51.0.2704.79 Safari/537.36 Edge/14.14393"
217.103.153.151 - - [27/Aug/2017:08:18:45 +0000] "GET /irene/cross/4-small.jpg HTTP/1.1" 200 4784 "http://www.wischik.com/irene/cross/" "Mozilla/5.0 (Windows NT 10.0; Win64; x64) AppleWebKit/537.36 (KHTML, like Gecko) Chrome/51.0.2704.79 Safari/537.36 Edge/14.14393"
217.103.153.151 - - [27/Aug/2017:08:18:45 +0000] "GET /irene/cross/7-small.jpg HTTP/1.1" 200 4308 "http://www.wischik.com/irene/cross/" "Mozilla/5.0 (Windows NT 10.0; Win64; x64) AppleWebKit/537.36 (KHTML, like Gecko) Chrome/51.0.2704.79 Safari/537.36 Edge/14.14393"
217.103.153.151 - - [27/Aug/2017:08:18:45 +0000] "GET /irene/cross/6-small.jpg HTTP/1.1" 200 4728 "http://www.wischik.com/irene/cross/" "Mozilla/5.0 (Windows NT 10.0; Win64; x64) AppleWebKit/537.36 (KHTML, like Gecko) Chrome/51.0.2704.79 Safari/537.36 Edge/14.14393"
217.103.153.151 - - [27/Aug/2017:08:18:45 +0000] "GET /irene/cross/8-small.jpg HTTP/1.1" 200 4948 "http://www.wischik.com/irene/cross/" "Mozilla/5.0 (Windows NT 10.0; Win64; x64) AppleWebKit/537.36 (KHTML, like Gecko) Chrome/51.0.2704.79 Safari/537.36 Edge/14.14393"
217.103.153.151 - - [27/Aug/2017:08:18:45 +0000] "GET /irene/cross/5-small.jpg HTTP/1.1" 200 4906 "http://www.wischik.com/irene/cross/" "Mozilla/5.0 (Windows NT 10.0; Win64; x64) AppleWebKit/537.36 (KHTML, like Gecko) Chrome/51.0.2704.79 Safari/537.36 Edge/14.14393"
217.103.153.151 - - [27/Aug/2017:08:18:45 +0000] "GET /favicon.ico HTTP/1.1" 404 504 "-" "Mozilla/5.0 (Windows NT 10.0; Win64; x64) AppleWebKit/537.36 (KHTML, like Gecko) Chrome/51.0.2704.79 Safari/537.36 Edge/14.14393"
217.103.153.151 - - [27/Aug/2017:08:18:45 +0000] "GET /irene/cross/9-small.jpg HTTP/1.1" 200 5019 "http://www.wischik.com/irene/cross/" "Mozilla/5.0 (Windows NT 10.0; Win64; x64) AppleWebKit/537.36 (KHTML, like Gecko) Chrome/51.0.2704.79 Safari/537.36 Edge/14.14393"
217.103.153.151 - - [27/Aug/2017:08:18:45 +0000] "GET /irene/cross/10-small.jpg HTTP/1.1" 200 4929 "http://www.wischik.com/irene/cross/" "Mozilla/5.0 (Windows NT 10.0; Win64; x64) AppleWebKit/537.36 (KHTML, like Gecko) Chrome/51.0.2704.79 Safari/537.36 Edge/14.14393"
217.103.153.151 - - [27/Aug/2017:08:18:45 +0000] "GET /irene/cross/11-small.jpg HTTP/1.1" 200 4723 "http://www.wischik.com/irene/cross/" "Mozilla/5.0 (Windows NT 10.0; Win64; x64) AppleWebKit/537.36 (KHTML, like Gecko) Chrome/51.0.2704.79 Safari/537.36 Edge/14.14393"
217.103.153.151 - - [27/Aug/2017:08:18:45 +0000] "GET /irene/cross/12-small.jpg HTTP/1.1" 200 4459 "http://www.wischik.com/irene/cross/" "Mozilla/5.0 (Windows NT 10.0; Win64; x64) AppleWebKit/537.36 (KHTML, like Gecko) Chrome/51.0.2704.79 Safari/537.36 Edge/14.14393"
217.103.153.151 - - [27/Aug/2017:08:18:45 +0000] "GET /irene/cross/13-small.jpg HTTP/1.1" 200 4816 "http://www.wischik.com/irene/cross/" "Mozilla/5.0 (Windows NT 10.0; Win64; x64) AppleWebKit/537.36 (KHTML, like Gecko) Chrome/51.0.2704.79 Safari/537.36 Edge/14.14393"
217.103.153.151 - - [27/Aug/2017:08:18:45 +0000] "GET /irene/cross/14-small.jpg HTTP/1.1" 200 4520 "http://www.wischik.com/irene/cross/" "Mozilla/5.0 (Windows NT 10.0; Win64; x64) AppleWebKit/537.36 (KHTML, like Gecko) Chrome/51.0.2704.79 Safari/537.36 Edge/14.14393"
217.103.153.151 - - [27/Aug/2017:08:18:45 +0000] "GET /irene/cross/15-small.jpg HTTP/1.1" 200 4683 "http://www.wischik.com/irene/cross/" "Mozilla/5.0 (Windows NT 10.0; Win64; x64) AppleWebKit/537.36 (KHTML, like Gecko) Chrome/51.0.2704.79 Safari/537.36 Edge/14.14393"
217.103.153.151 - - [27/Aug/2017:08:19:06 +0000] "-" 408 0 "-" "-"
31.203.57.71 - - [27/Aug/2017:08:20:51 +0000] "GET /lu/senses/fever.html HTTP/1.1" 200 30506 "-" "Mozilla/5.0 (Macintosh; Intel Mac OS X 10_11_6) AppleWebKit/603.3.8 (KHTML, like Gecko)"
31.203.57.71 - - [27/Aug/2017:08:20:53 +0000] "GET /apple-touch-icon-precomposed.png HTTP/1.1" 404 518 "-" "Safari/11603.3.8 CFNetwork/760.6.5 Darwin/15.6.0 (x86_64)"
31.203.57.71 - - [27/Aug/2017:08:20:56 +0000] "GET /apple-touch-icon.png HTTP/1.1" 404 511 "-" "Safari/11603.3.8 CFNetwork/760.6.5 Darwin/15.6.0 (x86_64)"
31.203.57.71 - - [27/Aug/2017:08:20:56 +0000] "GET /favicon.ico HTTP/1.1" 404 503 "-" "Safari/11603.3.8 CFNetwork/760.6.5 Darwin/15.6.0 (x86_64)"
31.203.57.71 - - [27/Aug/2017:08:20:56 +0000] "GET /apple-touch-icon-precomposed.png HTTP/1.1" 404 517 "-" "Safari/11603.3.8 CFNetwork/760.6.5 Darwin/15.6.0 (x86_64)"
31.203.57.71 - - [27/Aug/2017:08:20:56 +0000] "GET /apple-touch-icon.png HTTP/1.1" 404 511 "-" "Safari/11603.3.8 CFNetwork/760.6.5 Darwin/15.6.0 (x86_64)"
31.203.57.71 - - [27/Aug/2017:08:20:57 +0000] "GET /favicon.ico HTTP/1.1" 404 503 "-" "Safari/11603.3.8 CFNetwork/760.6.5 Darwin/15.6.0 (x86_64)"
31.203.57.71 - - [27/Aug/2017:08:20:57 +0000] "GET /lu/senses/fever.html HTTP/1.1" 200 30506 "-" "Mozilla/5.0 (iPhone; CPU iPhone OS 10_0 like Mac OS X) AppleWebKit/602.1.38 (KHTML, like Gecko) Version/10.0 Mobile/14A300 Safari/602.1"
31.203.57.71 - - [27/Aug/2017:08:20:58 +0000] "GET /apple-touch-icon-precomposed.png HTTP/1.1" 404 517 "-" "Safari/11603.3.8 CFNetwork/760.6.5 Darwin/15.6.0 (x86_64)"
31.203.57.71 - - [27/Aug/2017:08:20:58 +0000] "GET /apple-touch-icon.png HTTP/1.1" 404 511 "-" "Safari/11603.3.8 CFNetwork/760.6.5 Darwin/15.6.0 (x86_64)"
31.203.57.71 - - [27/Aug/2017:08:20:58 +0000] "GET /favicon.ico HTTP/1.1" 404 503 "-" "Safari/11603.3.8 CFNetwork/760.6.5 Darwin/15.6.0 (x86_64)"
31.203.57.71 - - [27/Aug/2017:08:20:58 +0000] "GET /apple-touch-icon-precomposed.png HTTP/1.1" 404 517 "-" "Safari/11603.3.8 CFNetwork/760.6.5 Darwin/15.6.0 (x86_64)"
31.203.57.71 - - [27/Aug/2017:08:20:59 +0000] "GET /apple-touch-icon.png HTTP/1.1" 404 511 "-" "Safari/11603.3.8 CFNetwork/760.6.5 Darwin/15.6.0 (x86_64)"
31.203.57.71 - - [27/Aug/2017:08:20:59 +0000] "GET /favicon.ico HTTP/1.1" 404 503 "-" "Safari/11603.3.8 CFNetwork/760.6.5 Darwin/15.6.0 (x86_64)"
51.255.71.129 - - [27/Aug/2017:08:21:03 +0000] "GET /damon/graphics/kandinsky.html HTTP/1.1" 200 514 "-" "Mozilla/5.0 (compatible; AhrefsBot/5.2; +http://ahrefs.com/robot/)"
59.149.184.177 - - [27/Aug/2017:08:21:31 +0000] "GET /lu/tarot/thumb_major.jpg HTTP/1.1" 200 111785 "-" "com.google.GoogleMobile/33.0.0 iPhone/10.3.3 hw/iPhone9_2"
80.7.76.182 - - [27/Aug/2017:08:21:56 +0000] "-" 408 0 "-" "-"
80.7.76.182 - - [27/Aug/2017:08:21:57 +0000] "-" 408 0 "-" "-"
207.46.13.85 - - [27/Aug/2017:08:22:25 +0000] "GET /damon/recipe/icecream.html HTTP/1.1" 200 6180 "-" "Mozilla/5.0 (iPhone; CPU iPhone OS 7_0 like Mac OS X) AppleWebKit/537.51.1 (KHTML, like Gecko) Version/7.0 Mobile/11A465 Safari/9537.53 (compatible; bingbot/2.0; +http://www.bing.com/bingbot.htm)"
94.42.228.238 - - [27/Aug/2017:08:20:54 +0000] "GET /lu/senses/ffemanual.pdf HTTP/1.1" 200 8944270 "-" "Mozilla/5.0 (Windows NT 6.1; Win64; x64) AppleWebKit/537.36 (KHTML, like Gecko) Chrome/60.0.3112.78 Safari/537.36 OPR/47.0.2631.55"
94.42.228.238 - - [27/Aug/2017:08:22:55 +0000] "GET /favicon.ico HTTP/1.1" 404 503 "-" "Mozilla/5.0 (Windows NT 6.1; Win64; x64) AppleWebKit/537.36 (KHTML, like Gecko) Chrome/60.0.3112.78 Safari/537.36 OPR/47.0.2631.55"
74.117.180.23 - - [27/Aug/2017:08:22:56 +0000] "HEAD /lu/programmer/zipogg.zip HTTP/1.1" 200 266 "-" "Mozilla/5.0 (Windows NT 5.1; rv:49.0) Gecko/20100101 Firefox/49.0"
45.249.121.210 - - [27/Aug/2017:08:24:10 +0000] "GET /wp-login.php HTTP/1.1" 404 536 "-" "Mozilla/5.0 (Windows NT 6.1; WOW64; rv:40.0) Gecko/20100101 Firefox/40.1"
45.249.121.210 - - [27/Aug/2017:08:24:10 +0000] "GET / HTTP/1.1" 200 3133 "-" "Mozilla/5.0 (Windows NT 6.1; WOW64; rv:40.0) Gecko/20100101 Firefox/40.1"
216.244.66.243 - - [27/Aug/2017:08:24:18 +0000] "GET /damon/recipe/uszka HTTP/1.1" 200 3412 "-" "Mozilla/5.0 (compatible; DotBot/1.1; http://www.opensiteexplorer.org/dotbot, help@moz.com)"
207.46.13.105 - - [27/Aug/2017:08:24:33 +0000] "GET /damon/recipe/icecream.css HTTP/1.1" 200 923 "-" "Mozilla/5.0 (iPhone; CPU iPhone OS 7_0 like Mac OS X) AppleWebKit/537.51.1 (KHTML, like Gecko) Version/7.0 Mobile/11A465 Safari/9537.53 (compatible; bingbot/2.0; +http://www.bing.com/bingbot.htm)"
89.136.178.248 - - [27/Aug/2017:08:25:06 +0000] "GET /marcus/essay/def.html HTTP/1.1" 200 6942 "https://www.google.ro/" "Mozilla/5.0 (iPhone; CPU iPhone OS 10_3_3 like Mac OS X) AppleWebKit/603.3.8 (KHTML, like Gecko) Version/10.0 Mobile/14G60 Safari/602.1"
89.136.178.248 - - [27/Aug/2017:08:25:07 +0000] "GET /marcus/essay/essay.css HTTP/1.1" 200 772 "http://www.wischik.com/marcus/essay/def.html" "Mozilla/5.0 (iPhone; CPU iPhone OS 10_3_3 like Mac OS X) AppleWebKit/603.3.8 (KHTML, like Gecko) Version/10.0 Mobile/14G60 Safari/602.1"
148.252.129.80 - - [27/Aug/2017:08:25:08 +0000] "GET /damon/recipe/beefstroganoff HTTP/1.1" 200 1606 "-" "Mozilla/5.0 (iPhone; CPU iPhone OS 10_1_1 like Mac OS X) AppleWebKit/602.2.14 (KHTML, like Gecko) Version/10.0 Mobile/14B100 Safari/602.1"
148.252.129.80 - - [27/Aug/2017:08:25:09 +0000] "GET /apple-touch-icon-120x120-precomposed.png HTTP/1.1" 404 524 "-" "MobileSafari/602.1 CFNetwork/808.1.4 Darwin/16.1.0"
148.252.129.80 - - [27/Aug/2017:08:25:09 +0000] "GET /apple-touch-icon-120x120.png HTTP/1.1" 404 517 "-" "MobileSafari/602.1 CFNetwork/808.1.4 Darwin/16.1.0"
148.252.129.80 - - [27/Aug/2017:08:25:09 +0000] "GET /apple-touch-icon-precomposed.png HTTP/1.1" 404 517 "-" "MobileSafari/602.1 CFNetwork/808.1.4 Darwin/16.1.0"
148.252.129.80 - - [27/Aug/2017:08:25:09 +0000] "GET /apple-touch-icon.png HTTP/1.1" 404 511 "-" "MobileSafari/602.1 CFNetwork/808.1.4 Darwin/16.1.0"
148.252.129.80 - - [27/Aug/2017:08:25:09 +0000] "GET /favicon.ico HTTP/1.1" 404 503 "-" "MobileSafari/602.1 CFNetwork/808.1.4 Darwin/16.1.0"
207.46.13.85 - - [27/Aug/2017:08:26:01 +0000] "GET /damon/recipe/breadbutterpud2 HTTP/1.1" 200 1635 "-" "Mozilla/5.0 (iPhone; CPU iPhone OS 7_0 like Mac OS X) AppleWebKit/537.51.1 (KHTML, like Gecko) Version/7.0 Mobile/11A465 Safari/9537.53 (compatible; bingbot/2.0; +http://www.bing.com/bingbot.htm)"
123.125.71.47 - - [27/Aug/2017:08:29:18 +0000] "GET / HTTP/1.1" 200 1725 "-" "Mozilla/5.0 (compatible; Baiduspider/2.0; +http://www.baidu.com/search/spider.html)"
173.89.171.212 - - [27/Aug/2017:08:29:45 +0000] "GET /marcus/essay/faust.html HTTP/1.1" 200 3799 "-" "Mozilla/5.0 (iPhone; CPU iPhone OS 10_3_3 like Mac OS X) AppleWebKit/603.3.8 (KHTML, like Gecko) Version/10.0 Mobile/14G60 Safari/602.1"
173.89.171.212 - - [27/Aug/2017:08:29:45 +0000] "GET /apple-touch-icon-120x120-precomposed.png HTTP/1.1" 404 525 "-" "MobileSafari/602.1 CFNetwork/811.5.4 Darwin/16.7.0"
173.89.171.212 - - [27/Aug/2017:08:29:46 +0000] "GET /apple-touch-icon-120x120.png HTTP/1.1" 404 517 "-" "MobileSafari/602.1 CFNetwork/811.5.4 Darwin/16.7.0"
173.89.171.212 - - [27/Aug/2017:08:29:46 +0000] "GET /apple-touch-icon-precomposed.png HTTP/1.1" 404 517 "-" "MobileSafari/602.1 CFNetwork/811.5.4 Darwin/16.7.0"
173.89.171.212 - - [27/Aug/2017:08:29:46 +0000] "GET /apple-touch-icon.png HTTP/1.1" 404 511 "-" "MobileSafari/602.1 CFNetwork/811.5.4 Darwin/16.7.0"
173.89.171.212 - - [27/Aug/2017:08:29:46 +0000] "GET /favicon.ico HTTP/1.1" 404 503 "-" "MobileSafari/602.1 CFNetwork/811.5.4 Darwin/16.7.0"
173.89.171.212 - - [27/Aug/2017:08:29:46 +0000] "GET /apple-touch-icon-120x120-precomposed.png HTTP/1.1" 404 524 "-" "MobileSafari/602.1 CFNetwork/811.5.4 Darwin/16.7.0"
173.89.171.212 - - [27/Aug/2017:08:29:48 +0000] "GET /apple-touch-icon-120x120.png HTTP/1.1" 404 517 "-" "MobileSafari/602.1 CFNetwork/811.5.4 Darwin/16.7.0"
173.89.171.212 - - [27/Aug/2017:08:29:48 +0000] "GET /apple-touch-icon-precomposed.png HTTP/1.1" 404 517 "-" "MobileSafari/602.1 CFNetwork/811.5.4 Darwin/16.7.0"
173.89.171.212 - - [27/Aug/2017:08:29:48 +0000] "GET /apple-touch-icon.png HTTP/1.1" 404 511 "-" "MobileSafari/602.1 CFNetwork/811.5.4 Darwin/16.7.0"
173.89.171.212 - - [27/Aug/2017:08:29:48 +0000] "GET /favicon.ico HTTP/1.1" 404 503 "-" "MobileSafari/602.1 CFNetwork/811.5.4 Darwin/16.7.0"
136.243.67.234 - - [27/Aug/2017:08:30:08 +0000] "HEAD / HTTP/1.1" 200 260 "-" "Mozilla/5.0 (Windows NT 6.1) AppleWebKit/537.36 (KHTML, like Gecko) Chrome/41.0.2228.0 Safari/537.36Mozilla/5.0 (Macintosh; Intel Mac OS X 10.8; rv:24.0) Gecko/20100101 Firefox/24.0"
2.27.13.1 - - [27/Aug/2017:08:31:56 +0000] "GET /lu/senses/bwhints.html HTTP/1.1" 200 13490 "https://www.google.co.uk/" "Mozilla/5.0 (Windows NT 6.1; WOW64; rv:54.0) Gecko/20100101 Firefox/54.0"
2.27.13.1 - - [27/Aug/2017:08:31:57 +0000] "GET /favicon.ico HTTP/1.1" 404 503 "-" "Mozilla/5.0 (Windows NT 6.1; WOW64; rv:54.0) Gecko/20100101 Firefox/54.0"
2.27.13.1 - - [27/Aug/2017:08:31:57 +0000] "GET /favicon.ico HTTP/1.1" 404 503 "-" "Mozilla/5.0 (Windows NT 6.1; WOW64; rv:54.0) Gecko/20100101 Firefox/54.0"
82.132.187.229 - - [27/Aug/2017:08:32:05 +0000] "GET /apple-touch-icon-120x120-precomposed.png HTTP/1.1" 404 525 "-" "MobileSafari/602.1 CFNetwork/811.5.4 Darwin/16.7.0"
82.132.187.229 - - [27/Aug/2017:08:32:05 +0000] "GET /apple-touch-icon-120x120.png HTTP/1.1" 404 517 "-" "MobileSafari/602.1 CFNetwork/811.5.4 Darwin/16.7.0"
82.132.187.229 - - [27/Aug/2017:08:32:05 +0000] "GET /apple-touch-icon-precomposed.png HTTP/1.1" 404 517 "-" "MobileSafari/602.1 CFNetwork/811.5.4 Darwin/16.7.0"
82.132.187.229 - - [27/Aug/2017:08:32:05 +0000] "GET /apple-touch-icon.png HTTP/1.1" 404 511 "-" "MobileSafari/602.1 CFNetwork/811.5.4 Darwin/16.7.0"
82.132.187.229 - - [27/Aug/2017:08:32:05 +0000] "GET /favicon.ico HTTP/1.1" 404 503 "-" "MobileSafari/602.1 CFNetwork/811.5.4 Darwin/16.7.0"
95.234.204.74 - - [27/Aug/2017:08:32:23 +0000] "-" 408 0 "-" "-"
95.234.204.74 - - [27/Aug/2017:08:32:24 +0000] "-" 408 0 "-" "-"
164.132.161.33 - - [27/Aug/2017:08:32:35 +0000] "GET /damon/recipe/pierogikasha.rcp HTTP/1.1" 404 458 "-" "Mozilla/5.0 (compatible; AhrefsBot/5.2; +http://ahrefs.com/robot/)"
123.255.28.49 - - [27/Aug/2017:08:33:32 +0000] "GET /lu/senses/bwcreature.html HTTP/1.1" 200 15007 "https://www.google.co.nz/" "Mozilla/5.0 (Windows NT 6.3; WOW64; rv:55.0) Gecko/20100101 Firefox/55.0"
123.255.28.49 - - [27/Aug/2017:08:33:32 +0000] "GET /favicon.ico HTTP/1.1" 404 503 "-" "Mozilla/5.0 (Windows NT 6.3; WOW64; rv:55.0) Gecko/20100101 Firefox/55.0"
180.76.15.134 - - [27/Aug/2017:08:34:45 +0000] "GET /lu/programmer/catalog/2007.05.06%20-%20Flight%20to%20Astoria/IMG_2301.jpg HTTP/1.1" 200 27372 "-" "Mozilla/5.0 (compatible; Baiduspider/2.0; +http://www.baidu.com/search/spider.html)"
157.55.39.34 - - [27/Aug/2017:08:35:32 +0000] "GET /book-stormtroopers.html HTTP/1.1" 200 1696 "-" "Mozilla/5.0 (iPhone; CPU iPhone OS 7_0 like Mac OS X) AppleWebKit/537.51.1 (KHTML, like Gecko) Version/7.0 Mobile/11A465 Safari/9537.53 (compatible; bingbot/2.0; +http://www.bing.com/bingbot.htm)"
23.229.105.198 - - [27/Aug/2017:08:36:09 +0000] "GET /lu/art/italian-phrases-for-meeting-people.html HTTP/1.1" 200 3469 "http://www.wischik.com/" "Mozilla/5.0 (Windows NT 10.0; Win64; x64) AppleWebKit/537.36 (KHTML, like Gecko) Chrome/59.0.3071.104 Safari/537.36"
23.229.105.198 - - [27/Aug/2017:08:36:09 +0000] "GET /lu/art/italian.html HTTP/1.1" 200 1708 "http://www.wischik.com/" "Mozilla/5.0 (Windows NT 10.0; Win64; x64) AppleWebKit/537.36 (KHTML, like Gecko) Chrome/59.0.3071.104 Safari/537.36"
84.13.10.54 - - [27/Aug/2017:08:37:27 +0000] "GET /damon/recipe/oventemperatures.html HTTP/1.1" 200 879 "-" "Mozilla/5.0 (Linux; Android 6.0.1; SAMSUNG SM-G900F Build/MMB29M) AppleWebKit/537.36 (KHTML, like Gecko) SamsungBrowser/5.4 Chrome/51.0.2704.106 Mobile Safari/537.36"
84.13.10.54 - - [27/Aug/2017:08:37:27 +0000] "GET /damon/recipe/recipe.css HTTP/1.1" 200 1118 "http://www.wischik.com/damon/recipe/oventemperatures.html" "Mozilla/5.0 (Linux; Android 6.0.1; SAMSUNG SM-G900F Build/MMB29M) AppleWebKit/537.36 (KHTML, like Gecko) SamsungBrowser/5.4 Chrome/51.0.2704.106 Mobile Safari/537.36"
84.13.10.54 - - [27/Aug/2017:08:37:27 +0000] "GET /favicon.ico HTTP/1.1" 404 503 "http://www.wischik.com/damon/recipe/oventemperatures.html" "Mozilla/5.0 (Linux; Android 6.0.1; SAMSUNG SM-G900F Build/MMB29M) AppleWebKit/537.36 (KHTML, like Gecko) SamsungBrowser/5.4 Chrome/51.0.2704.106 Mobile Safari/537.36"
84.13.10.54 - - [27/Aug/2017:08:37:47 +0000] "-" 408 0 "-" "-"
141.8.143.182 - - [27/Aug/2017:08:38:11 +0000] "GET /lu/senses/pst-book.html HTTP/1.1" 200 2104 "-" "Mozilla/5.0 (compatible; YandexBot/3.0; +http://yandex.com/bots)"
180.76.15.8 - - [27/Aug/2017:08:38:51 +0000] "GET /lu/philosophy/talks/2008.04.30%20-%20Trajectory%20Experiences%201%20-%20Steve%20Benford%20-%20Day%20of%20the%20figurines...%20working%20with%20artists%20to%20create%20and%20stage%20touring%20cultural%20experiences.jpg HTTP/1.1" 200 246504 "-" "Mozilla/5.0 (compatible; Baiduspider/2.0; +http://www.baidu.com/search/spider.html)"
14.192.212.231 - - [27/Aug/2017:08:39:51 +0000] "GET /damon/Texts/kefir/1448849092867.jpeg HTTP/1.1" 200 783270 "https://www.google.com/" "Mozilla/5.0 (Macintosh; Intel Mac OS X 10.10; rv:55.0) Gecko/20100101 Firefox/55.0"
80.43.235.69 - - [27/Aug/2017:08:40:17 +0000] "GET /damon/recipe/oventemperatures.html HTTP/1.1" 200 879 "https://www.google.co.uk/" "Mozilla/5.0 (Linux; Android 7.0; SAMSUNG SM-G920F Build/NRD90M) AppleWebKit/537.36 (KHTML, like Gecko) SamsungBrowser/5.4 Chrome/51.0.2704.106 Mobile Safari/537.36"
80.43.235.69 - - [27/Aug/2017:08:40:17 +0000] "GET /damon/recipe/recipe.css HTTP/1.1" 200 1118 "http://www.wischik.com/damon/recipe/oventemperatures.html" "Mozilla/5.0 (Linux; Android 7.0; SAMSUNG SM-G920F Build/NRD90M) AppleWebKit/537.36 (KHTML, like Gecko) SamsungBrowser/5.4 Chrome/51.0.2704.106 Mobile Safari/537.36"
80.43.235.69 - - [27/Aug/2017:08:40:17 +0000] "GET /favicon.ico HTTP/1.1" 404 503 "http://www.wischik.com/damon/recipe/oventemperatures.html" "Mozilla/5.0 (Linux; Android 7.0; SAMSUNG SM-G920F Build/NRD90M) AppleWebKit/537.36 (KHTML, like Gecko) SamsungBrowser/5.4 Chrome/51.0.2704.106 Mobile Safari/537.36"
83.26.0.248 - - [27/Aug/2017:08:40:20 +0000] "GET /lu/programmer/catalog/ HTTP/1.1" 200 3474 "https://www.google.pl/" "Mozilla/5.0 (Windows NT 10.0; Win64; x64) AppleWebKit/537.36 (KHTML, like Gecko) Chrome/60.0.3112.113 Safari/537.36"
83.26.0.248 - - [27/Aug/2017:08:40:20 +0000] "GET /editable/editable.js HTTP/1.1" 200 900 "http://www.wischik.com/lu/programmer/catalog/" "Mozilla/5.0 (Windows NT 10.0; Win64; x64) AppleWebKit/537.36 (KHTML, like Gecko) Chrome/60.0.3112.113 Safari/537.36"
83.26.0.248 - - [27/Aug/2017:08:40:20 +0000] "GET /lu/programmer/index-rss.gif HTTP/1.1" 200 855 "http://www.wischik.com/lu/programmer/catalog/" "Mozilla/5.0 (Windows NT 10.0; Win64; x64) AppleWebKit/537.36 (KHTML, like Gecko) Chrome/60.0.3112.113 Safari/537.36"
83.26.0.248 - - [27/Aug/2017:08:40:20 +0000] "GET /lu/programmer/catalog/2007/.thumb.0.b.jpg HTTP/1.1" 200 19257 "http://www.wischik.com/lu/programmer/catalog/" "Mozilla/5.0 (Windows NT 10.0; Win64; x64) AppleWebKit/537.36 (KHTML, like Gecko) Chrome/60.0.3112.113 Safari/537.36"
83.26.0.248 - - [27/Aug/2017:08:40:21 +0000] "GET /lu/programmer/catalog/2007/.thumb.0.c.jpg HTTP/1.1" 200 8885 "http://www.wischik.com/lu/programmer/catalog/" "Mozilla/5.0 (Windows NT 10.0; Win64; x64) AppleWebKit/537.36 (KHTML, like Gecko) Chrome/60.0.3112.113 Safari/537.36"
83.26.0.248 - - [27/Aug/2017:08:40:21 +0000] "GET /lu/programmer/catalog/2007.04.12%20-%20at%20James'/.thumb.8.a.jpg HTTP/1.1" 200 4731 "http://www.wischik.com/lu/programmer/catalog/" "Mozilla/5.0 (Windows NT 10.0; Win64; x64) AppleWebKit/537.36 (KHTML, like Gecko) Chrome/60.0.3112.113 Safari/537.36"
83.26.0.248 - - [27/Aug/2017:08:40:21 +0000] "GET /lu/programmer/catalog/2007.04.12%20-%20at%20James'/.thumb.8.b.jpg HTTP/1.1" 200 23283 "http://www.wischik.com/lu/programmer/catalog/" "Mozilla/5.0 (Windows NT 10.0; Win64; x64) AppleWebKit/537.36 (KHTML, like Gecko) Chrome/60.0.3112.113 Safari/537.36"
83.26.0.248 - - [27/Aug/2017:08:40:21 +0000] "GET /lu/programmer/catalog/2007.05.06%20-%20Flight%20to%20Astoria/.thumb.0.b.jpg HTTP/1.1" 200 13056 "http://www.wischik.com/lu/programmer/catalog/" "Mozilla/5.0 (Windows NT 10.0; Win64; x64) AppleWebKit/537.36 (KHTML, like Gecko) Chrome/60.0.3112.113 Safari/537.36"
83.26.0.248 - - [27/Aug/2017:08:40:21 +0000] "GET /lu/programmer/catalog/2007.05.06%20-%20Flight%20to%20Astoria/.thumb.0.c.jpg HTTP/1.1" 200 2897 "http://www.wischik.com/lu/programmer/catalog/" "Mozilla/5.0 (Windows NT 10.0; Win64; x64) AppleWebKit/537.36 (KHTML, like Gecko) Chrome/60.0.3112.113 Safari/537.36"
83.26.0.248 - - [27/Aug/2017:08:40:21 +0000] "GET /lu/programmer/catalog/England%20and%20Scotland/.thumb.3.a.jpg HTTP/1.1" 200 8716 "http://www.wischik.com/lu/programmer/catalog/" "Mozilla/5.0 (Windows NT 10.0; Win64; x64) AppleWebKit/537.36 (KHTML, like Gecko) Chrome/60.0.3112.113 Safari/537.36"
83.26.0.248 - - [27/Aug/2017:08:40:21 +0000] "GET /lu/programmer/catalog/England%20and%20Scotland/.thumb.3.c.jpg HTTP/1.1" 200 4189 "http://www.wischik.com/lu/programmer/catalog/" "Mozilla/5.0 (Windows NT 10.0; Win64; x64) AppleWebKit/537.36 (KHTML, like Gecko) Chrome/60.0.3112.113 Safari/537.36"
83.26.0.248 - - [27/Aug/2017:08:40:21 +0000] "GET /favicon.ico HTTP/1.1" 404 503 "http://www.wischik.com/lu/programmer/catalog/" "Mozilla/5.0 (Windows NT 10.0; Win64; x64) AppleWebKit/537.36 (KHTML, like Gecko) Chrome/60.0.3112.113 Safari/537.36"
80.40.134.104 - - [27/Aug/2017:08:40:48 +0000] "GET /robots.txt HTTP/1.0" 200 352 "http://www.wischik.com/robots.txt" "Mozilla/4.0 (compatible; MSIE 8.0; Windows NT 5.1; Trident/4.0; .NET CLR 2.0.50727; .NET CLR 3.0.04506.648; .NET CLR 3.5.21022; .NET CLR 3.0.4506.2152; .NET CLR 3.5.30729; InfoPath.2)"
80.40.134.104 - - [27/Aug/2017:08:40:48 +0000] "GET /damon/recipe/oventemperatures.html HTTP/1.0" 200 1673 "http://www.wischik.com/damon/recipe/oventemperatures.html" "Mozilla/4.0 (compatible; MSIE 8.0; Windows NT 5.1; Trident/4.0; .NET CLR 2.0.50727; .NET CLR 3.0.04506.648; .NET CLR 3.5.21022; .NET CLR 3.0.4506.2152; .NET CLR 3.5.30729; InfoPath.2)"
180.76.15.9 - - [27/Aug/2017:08:41:25 +0000] "GET /lu/programmer/catalog/2007/IMG_2640.jpg HTTP/1.1" 200 123071 "-" "Mozilla/5.0 (compatible; Baiduspider/2.0; +http://www.baidu.com/search/spider.html)"
207.46.13.105 - - [27/Aug/2017:08:42:06 +0000] "GET /damon/recipe/coulibiac HTTP/1.1" 200 1563 "-" "Mozilla/5.0 (iPhone; CPU iPhone OS 7_0 like Mac OS X) AppleWebKit/537.51.1 (KHTML, like Gecko) Version/7.0 Mobile/11A465 Safari/9537.53 (compatible; bingbot/2.0; +http://www.bing.com/bingbot.htm)"
216.244.66.250 - - [27/Aug/2017:08:42:48 +0000] "GET /damon/recipe/bishopdrink HTTP/1.1" 200 3215 "-" "Mozilla/5.0 (compatible; DotBot/1.1; http://www.opensiteexplorer.org/dotbot, help@moz.com)"
66.249.70.18 - - [27/Aug/2017:08:43:48 +0000] "GET /damon/recipe/tag/Greek HTTP/1.1" 200 1037 "-" "Mozilla/5.0 (Linux; Android 6.0.1; Nexus 5X Build/MMB29P) AppleWebKit/537.36 (KHTML, like Gecko) Chrome/41.0.2272.96 Mobile Safari/537.36 (compatible; Googlebot/2.1; +http://www.google.com/bot.html)"
52.28.61.126 - - [27/Aug/2017:08:44:04 +0000] "GET /robots.txt HTTP/1.1" 200 376 "-" "Mozilla/5.0 (compatible; Cliqzbot/2.0; +http://cliqz.com/company/cliqzbot)"
52.28.61.126 - - [27/Aug/2017:08:44:04 +0000] "GET /lu/programmer/avi_utils.html HTTP/1.1" 200 7122 "-" "Mozilla/5.0 (compatible; Cliqzbot/2.0; +http://cliqz.com/company/cliqzbot)"
51.255.65.72 - - [27/Aug/2017:08:45:14 +0000] "GET /damon/Work/Talks/netsched.html HTTP/1.1" 404 459 "-" "Mozilla/5.0 (compatible; AhrefsBot/5.2; +http://ahrefs.com/robot/)"
216.244.66.250 - - [27/Aug/2017:08:45:45 +0000] "GET /damon/recipe/jamaicanloaf HTTP/1.1" 200 4295 "-" "Mozilla/5.0 (compatible; DotBot/1.1; http://www.opensiteexplorer.org/dotbot, help@moz.com)"
216.244.66.250 - - [27/Aug/2017:08:45:55 +0000] "GET /damon/recipe/squashsouffle HTTP/1.1" 200 4014 "-" "Mozilla/5.0 (compatible; DotBot/1.1; http://www.opensiteexplorer.org/dotbot, help@moz.com)"
139.0.232.172 - - [27/Aug/2017:08:46:00 +0000] "GET /damon/Texts/Buyu/poem-chunxiao.html HTTP/1.1" 200 2263 "https://www.google.co.id/" "Mozilla/5.0 (Windows NT 6.1; Win64; x64) AppleWebKit/537.36 (KHTML, like Gecko) Chrome/60.0.3112.101 Safari/537.36"
139.0.232.172 - - [27/Aug/2017:08:46:01 +0000] "GET /damon/Texts/Buyu/poem.css HTTP/1.1" 200 1236 "http://www.wischik.com/damon/Texts/Buyu/poem-chunxiao.html" "Mozilla/5.0 (Windows NT 6.1; Win64; x64) AppleWebKit/537.36 (KHTML, like Gecko) Chrome/60.0.3112.101 Safari/537.36"
139.0.232.172 - - [27/Aug/2017:08:46:01 +0000] "GET /damon/Texts/Buyu/leaves.jpg HTTP/1.1" 200 90917 "http://www.wischik.com/damon/Texts/Buyu/poem-chunxiao.html" "Mozilla/5.0 (Windows NT 6.1; Win64; x64) AppleWebKit/537.36 (KHTML, like Gecko) Chrome/60.0.3112.101 Safari/537.36"
139.0.232.172 - - [27/Aug/2017:08:46:01 +0000] "GET /damon/Texts/Buyu/silkpaper.jpg HTTP/1.1" 200 342099 "http://www.wischik.com/damon/Texts/Buyu/poem.css" "Mozilla/5.0 (Windows NT 6.1; Win64; x64) AppleWebKit/537.36 (KHTML, like Gecko) Chrome/60.0.3112.101 Safari/537.36"
139.0.232.172 - - [27/Aug/2017:08:46:03 +0000] "GET /favicon.ico HTTP/1.1" 404 503 "http://www.wischik.com/damon/Texts/Buyu/poem-chunxiao.html" "Mozilla/5.0 (Windows NT 6.1; Win64; x64) AppleWebKit/537.36 (KHTML, like Gecko) Chrome/60.0.3112.101 Safari/537.36"
86.4.172.135 - - [27/Aug/2017:08:48:22 +0000] "GET /damon/recipe/oventemperatures.html HTTP/1.1" 200 879 "https://www.google.co.uk/" "Mozilla/5.0 (Windows NT 10.0; WOW64; rv:54.0) Gecko/20100101 Firefox/54.0"
86.4.172.135 - - [27/Aug/2017:08:48:22 +0000] "GET /damon/recipe/recipe.css HTTP/1.1" 200 1118 "http://www.wischik.com/damon/recipe/oventemperatures.html" "Mozilla/5.0 (Windows NT 10.0; WOW64; rv:54.0) Gecko/20100101 Firefox/54.0"
86.4.172.135 - - [27/Aug/2017:08:48:22 +0000] "GET /favicon.ico HTTP/1.1" 404 503 "-" "Mozilla/5.0 (Windows NT 10.0; WOW64; rv:54.0) Gecko/20100101 Firefox/54.0"
86.4.172.135 - - [27/Aug/2017:08:48:22 +0000] "GET /favicon.ico HTTP/1.1" 404 503 "-" "Mozilla/5.0 (Windows NT 10.0; WOW64; rv:54.0) Gecko/20100101 Firefox/54.0"
141.8.143.182 - - [27/Aug/2017:08:48:47 +0000] "GET /irene/cross/11-jesus-is-nailed-to-the-cross.jpg HTTP/1.1" 304 190 "-" "Mozilla/5.0 (compatible; YandexImages/3.0; +http://yandex.com/bots)"
66.249.70.16 - - [27/Aug/2017:08:48:59 +0000] "GET /damon/recipe/sushiomelette HTTP/1.1" 304 225 "-" "Mozilla/5.0 (compatible; Googlebot/2.1; +http://www.google.com/bot.html)"
68.180.230.62 - - [27/Aug/2017:08:49:59 +0000] "GET /lu/programmer/rm2wav.bat HTTP/1.1" 200 354 "-" "Mozilla/5.0 (compatible; Yahoo! Slurp; http://help.yahoo.com/help/us/ysearch/slurp)"
219.156.209.159 - - [27/Aug/2017:08:50:09 +0000] "GET / HTTP/1.1" 200 2316 "-" "-"
68.180.230.62 - - [27/Aug/2017:08:50:28 +0000] "GET /damon/Work/index.html HTTP/1.1" 404 455 "-" "Mozilla/5.0 (compatible; Yahoo! Slurp; http://help.yahoo.com/help/us/ysearch/slurp)"
5.102.173.71 - - [27/Aug/2017:08:50:30 +0000] "GET /scr/philosophy.html HTTP/1.1" 200 3282 "-" "Mozilla/5.0 (compatible; MojeekBot/0.6; +https://www.mojeek.com/bot.html)"
82.132.187.229 - - [27/Aug/2017:08:51:17 +0000] "GET /apple-touch-icon-120x120-precomposed.png HTTP/1.1" 404 525 "-" "MobileSafari/602.1 CFNetwork/811.5.4 Darwin/16.7.0"
82.132.187.229 - - [27/Aug/2017:08:51:17 +0000] "GET /apple-touch-icon-120x120.png HTTP/1.1" 404 517 "-" "MobileSafari/602.1 CFNetwork/811.5.4 Darwin/16.7.0"
82.132.187.229 - - [27/Aug/2017:08:51:18 +0000] "GET /apple-touch-icon-precomposed.png HTTP/1.1" 404 517 "-" "MobileSafari/602.1 CFNetwork/811.5.4 Darwin/16.7.0"
82.132.187.229 - - [27/Aug/2017:08:51:18 +0000] "GET /apple-touch-icon.png HTTP/1.1" 404 511 "-" "MobileSafari/602.1 CFNetwork/811.5.4 Darwin/16.7.0"
82.132.187.229 - - [27/Aug/2017:08:51:18 +0000] "GET /favicon.ico HTTP/1.1" 404 503 "-" "MobileSafari/602.1 CFNetwork/811.5.4 Darwin/16.7.0"
88.112.5.121 - - [27/Aug/2017:08:51:27 +0000] "GET /wp-login.php HTTP/1.1" 404 531 "-" "Mozilla/5.0 (Windows NT 6.1; WOW64; rv:40.0) Gecko/20100101 Firefox/40.1"
88.112.5.121 - - [27/Aug/2017:08:51:27 +0000] "GET / HTTP/1.1" 200 2315 "-" "Mozilla/5.0 (Windows NT 6.1; WOW64; rv:40.0) Gecko/20100101 Firefox/40.1"
82.13.84.214 - - [27/Aug/2017:08:51:31 +0000] "GET /damon/recipe/oventemperatures.html HTTP/1.1" 200 879 "-" "Mozilla/5.0 (iPad; CPU OS 10_3_3 like Mac OS X) AppleWebKit/603.3.8 (KHTML, like Gecko) Version/10.0 Mobile/14G60 Safari/602.1"
82.13.84.214 - - [27/Aug/2017:08:51:31 +0000] "GET /apple-touch-icon-152x152-precomposed.png HTTP/1.1" 404 526 "-" "MobileSafari/602.1 CFNetwork/811.5.4 Darwin/16.7.0"
82.13.84.214 - - [27/Aug/2017:08:51:31 +0000] "GET /apple-touch-icon-152x152.png HTTP/1.1" 404 517 "-" "MobileSafari/602.1 CFNetwork/811.5.4 Darwin/16.7.0"
82.13.84.214 - - [27/Aug/2017:08:51:31 +0000] "GET /apple-touch-icon-precomposed.png HTTP/1.1" 404 517 "-" "MobileSafari/602.1 CFNetwork/811.5.4 Darwin/16.7.0"
82.13.84.214 - - [27/Aug/2017:08:51:31 +0000] "GET /apple-touch-icon.png HTTP/1.1" 404 511 "-" "MobileSafari/602.1 CFNetwork/811.5.4 Darwin/16.7.0"
82.13.84.214 - - [27/Aug/2017:08:51:31 +0000] "GET /favicon.ico HTTP/1.1" 404 503 "-" "MobileSafari/602.1 CFNetwork/811.5.4 Darwin/16.7.0"
82.13.84.214 - - [27/Aug/2017:08:51:31 +0000] "GET /apple-touch-icon-152x152-precomposed.png HTTP/1.1" 404 525 "-" "MobileSafari/602.1 CFNetwork/811.5.4 Darwin/16.7.0"
82.13.84.214 - - [27/Aug/2017:08:51:31 +0000] "GET /apple-touch-icon-152x152.png HTTP/1.1" 404 517 "-" "MobileSafari/602.1 CFNetwork/811.5.4 Darwin/16.7.0"
82.13.84.214 - - [27/Aug/2017:08:51:31 +0000] "GET /apple-touch-icon-precomposed.png HTTP/1.1" 404 517 "-" "MobileSafari/602.1 CFNetwork/811.5.4 Darwin/16.7.0"
82.13.84.214 - - [27/Aug/2017:08:51:31 +0000] "GET /apple-touch-icon.png HTTP/1.1" 404 511 "-" "MobileSafari/602.1 CFNetwork/811.5.4 Darwin/16.7.0"
82.13.84.214 - - [27/Aug/2017:08:51:31 +0000] "GET /favicon.ico HTTP/1.1" 404 503 "-" "MobileSafari/602.1 CFNetwork/811.5.4 Darwin/16.7.0"
207.46.13.169 - - [27/Aug/2017:08:52:16 +0000] "GET /damon/recipe/fruitcake HTTP/1.1" 200 2317 "-" "Mozilla/5.0 (iPhone; CPU iPhone OS 7_0 like Mac OS X) AppleWebKit/537.51.1 (KHTML, like Gecko) Version/7.0 Mobile/11A465 Safari/9537.53 (compatible; bingbot/2.0; +http://www.bing.com/bingbot.htm)"
207.46.13.105 - - [27/Aug/2017:08:52:23 +0000] "GET /damon/recipe/fishbites HTTP/1.1" 200 1499 "-" "Mozilla/5.0 (iPhone; CPU iPhone OS 7_0 like Mac OS X) AppleWebKit/537.51.1 (KHTML, like Gecko) Version/7.0 Mobile/11A465 Safari/9537.53 (compatible; bingbot/2.0; +http://www.bing.com/bingbot.htm)"
180.76.15.141 - - [27/Aug/2017:08:53:39 +0000] "GET /lu/programmer/tsbrowse35.zip HTTP/1.1" 200 93505 "-" "Mozilla/5.0 (compatible; Baiduspider/2.0; +http://www.baidu.com/search/spider.html)"
216.244.66.250 - - [27/Aug/2017:08:54:40 +0000] "GET /damon/Texts/Buyu/poem-chunsi.html HTTP/1.1" 200 10933 "-" "Mozilla/5.0 (compatible; DotBot/1.1; http://www.opensiteexplorer.org/dotbot, help@moz.com)"
66.249.70.18 - - [27/Aug/2017:08:54:48 +0000] "GET /lu/programmer/editable-web/documentation.html HTTP/1.1" 200 3811 "-" "Mozilla/5.0 (Linux; Android 6.0.1; Nexus 5X Build/MMB29P) AppleWebKit/537.36 (KHTML, like Gecko) Chrome/41.0.2272.96 Mobile Safari/537.36 (compatible; Googlebot/2.1; +http://www.google.com/bot.html)"
31.0.46.79 - - [27/Aug/2017:08:55:20 +0000] "GET /lu/programmer/zip_utils.html HTTP/1.1" 200 7126 "-" "Mozilla/5.0 (iPhone; CPU iPhone OS 10_3_3 like Mac OS X) AppleWebKit/603.3.8 (KHTML, like Gecko) Version/10.0 Mobile/14G60 Safari/602.1"
31.0.46.79 - - [27/Aug/2017:08:55:20 +0000] "GET /apple-touch-icon-120x120-precomposed.png HTTP/1.1" 404 525 "-" "MobileSafari/602.1 CFNetwork/811.5.4 Darwin/16.7.0"
31.0.46.79 - - [27/Aug/2017:08:55:20 +0000] "GET /apple-touch-icon-120x120.png HTTP/1.1" 404 517 "-" "MobileSafari/602.1 CFNetwork/811.5.4 Darwin/16.7.0"
31.0.46.79 - - [27/Aug/2017:08:55:20 +0000] "GET /apple-touch-icon-precomposed.png HTTP/1.1" 404 517 "-" "MobileSafari/602.1 CFNetwork/811.5.4 Darwin/16.7.0"
31.0.46.79 - - [27/Aug/2017:08:55:20 +0000] "GET /apple-touch-icon.png HTTP/1.1" 404 511 "-" "MobileSafari/602.1 CFNetwork/811.5.4 Darwin/16.7.0"
31.0.46.79 - - [27/Aug/2017:08:55:21 +0000] "GET /favicon.ico HTTP/1.1" 404 503 "-" "MobileSafari/602.1 CFNetwork/811.5.4 Darwin/16.7.0"
31.0.46.79 - - [27/Aug/2017:08:55:21 +0000] "GET /apple-touch-icon-120x120-precomposed.png HTTP/1.1" 404 524 "-" "MobileSafari/602.1 CFNetwork/811.5.4 Darwin/16.7.0"
31.0.46.79 - - [27/Aug/2017:08:55:21 +0000] "GET /apple-touch-icon-120x120.png HTTP/1.1" 404 517 "-" "MobileSafari/602.1 CFNetwork/811.5.4 Darwin/16.7.0"
31.0.46.79 - - [27/Aug/2017:08:55:21 +0000] "GET /favicon.ico HTTP/1.1" 404 503 "-" "MobileSafari/602.1 CFNetwork/811.5.4 Darwin/16.7.0"
67.168.181.167 - - [27/Aug/2017:08:55:45 +0000] "GET /lu/travel/swimming/training_started.html HTTP/1.1" 200 5006 "https://www.google.com/" "Mozilla/5.0 (iPhone; CPU iPhone OS 10_3_3 like Mac OS X) AppleWebKit/603.3.8 (KHTML, like Gecko) Version/10.0 Mobile/14G60 Safari/602.1"
67.168.181.167 - - [27/Aug/2017:08:55:45 +0000] "GET /lu/travel/swimming/index.css HTTP/1.1" 200 893 "http://www.wischik.com/lu/travel/swimming/training_started.html" "Mozilla/5.0 (iPhone; CPU iPhone OS 10_3_3 like Mac OS X) AppleWebKit/603.3.8 (KHTML, like Gecko) Version/10.0 Mobile/14G60 Safari/602.1"
67.168.181.167 - - [27/Aug/2017:08:55:45 +0000] "GET /lu/travel/swimming/washn_conditions.jpg HTTP/1.1" 200 41363 "http://www.wischik.com/lu/travel/swimming/training_started.html" "Mozilla/5.0 (iPhone; CPU iPhone OS 10_3_3 like Mac OS X) AppleWebKit/603.3.8 (KHTML, like Gecko) Version/10.0 Mobile/14G60 Safari/602.1"
67.168.181.167 - - [27/Aug/2017:08:55:45 +0000] "GET /lu/travel/swimming/washs_conditions.jpg HTTP/1.1" 200 41347 "http://www.wischik.com/lu/travel/swimming/training_started.html" "Mozilla/5.0 (iPhone; CPU iPhone OS 10_3_3 like Mac OS X) AppleWebKit/603.3.8 (KHTML, like Gecko) Version/10.0 Mobile/14G60 Safari/602.1"
67.168.181.167 - - [27/Aug/2017:08:55:45 +0000] "GET /lu/travel/swimming/icon.jpg HTTP/1.1" 200 27355 "http://www.wischik.com/lu/travel/swimming/training_started.html" "Mozilla/5.0 (iPhone; CPU iPhone OS 10_3_3 like Mac OS X) AppleWebKit/603.3.8 (KHTML, like Gecko) Version/10.0 Mobile/14G60 Safari/602.1"
197.251.178.140 - - [27/Aug/2017:08:56:29 +0000] "GET /wp-login.php HTTP/1.1" 404 531 "-" "Mozilla/5.0 (Windows NT 6.1; WOW64; rv:40.0) Gecko/20100101 Firefox/40.1"
197.251.178.140 - - [27/Aug/2017:08:56:30 +0000] "GET / HTTP/1.1" 200 2315 "-" "Mozilla/5.0 (Windows NT 6.1; WOW64; rv:40.0) Gecko/20100101 Firefox/40.1"
37.37.249.158 - - [27/Aug/2017:08:57:01 +0000] "GET /lu/photos/goa-fish.jpg HTTP/1.1" 200 94066 "-" "Mozilla/5.0 (Linux; Android 4.4.4; SM-G357FZ Build/KTU84P) AppleWebKit/537.36 (KHTML, like Gecko) Version/4.0 Chrome/33.0.0.0 Mobile Safari/537.36 GSA/3.5.16.1262550.arm"
216.244.66.203 - - [27/Aug/2017:08:57:13 +0000] "GET /damon/recipe/saffranspannkaka HTTP/1.1" 200 3731 "-" "Mozilla/5.0 (compatible; DotBot/1.1; http://www.opensiteexplorer.org/dotbot, help@moz.com)"
66.249.70.16 - - [27/Aug/2017:08:58:19 +0000] "GET /lu/massage/ljwhistory.html HTTP/1.1" 200 8142 "-" "Mozilla/5.0 (compatible; Googlebot/2.1; +http://www.google.com/bot.html)"
216.244.66.203 - - [27/Aug/2017:08:59:31 +0000] "GET /damon/recipe/chestnutbruschetta HTTP/1.1" 200 4577 "-" "Mozilla/5.0 (compatible; DotBot/1.1; http://www.opensiteexplorer.org/dotbot, help@moz.com)"
5.102.173.71 - - [27/Aug/2017:08:59:55 +0000] "GET /scr/holsavers.html HTTP/1.1" 200 23490 "-" "Mozilla/5.0 (compatible; MojeekBot/0.6; +https://www.mojeek.com/bot.html)"
80.229.228.116 - - [27/Aug/2017:09:00:57 +0000] "GET /damon/Texts/squadronmottoes.html HTTP/1.1" 200 8479 "http://www.pprune.org/military-aviation/237383-origin-raf-motto.html" "Mozilla/5.0 (Windows NT 6.3; Win64; x64) AppleWebKit/537.36 (KHTML, like Gecko) Chrome/60.0.3112.113 Safari/537.36"
80.229.228.116 - - [27/Aug/2017:09:00:57 +0000] "GET /favicon.ico HTTP/1.1" 404 503 "http://www.wischik.com/damon/Texts/squadronmottoes.html" "Mozilla/5.0 (Windows NT 6.3; Win64; x64) AppleWebKit/537.36 (KHTML, like Gecko) Chrome/60.0.3112.113 Safari/537.36"
141.8.143.182 - - [27/Aug/2017:09:02:29 +0000] "GET /lu/programmer/zip_utils.html HTTP/1.1" 200 7126 "-" "Mozilla/5.0 (compatible; YandexBot/3.0; +http://yandex.com/bots)"
207.46.13.169 - - [27/Aug/2017:09:03:57 +0000] "GET /damon/Work/Interests/Compete/Simulator/docs/uk/ac/cam/statslab/pricing/components/package-tree.html HTTP/1.1" 404 562 "-" "Mozilla/5.0 (compatible; bingbot/2.0; +http://www.bing.com/bingbot.htm)"
101.164.213.195 - - [27/Aug/2017:09:05:38 +0000] "GET /damon/Songs/perfectface.html HTTP/1.1" 200 1065 "https://www.google.com.au/" "Mozilla/5.0 (iPhone; CPU iPhone OS 10_2_1 like Mac OS X) AppleWebKit/602.4.6 (KHTML, like Gecko) Version/10.0 Mobile/14D27 Safari/602.1"
101.164.213.195 - - [27/Aug/2017:09:05:39 +0000] "GET /damon/Songs/turinshroud.jpg HTTP/1.1" 200 25489 "http://www.wischik.com/damon/Songs/perfectface.html" "Mozilla/5.0 (iPhone; CPU iPhone OS 10_2_1 like Mac OS X) AppleWebKit/602.4.6 (KHTML, like Gecko) Version/10.0 Mobile/14D27 Safari/602.1"
5.102.173.71 - - [27/Aug/2017:09:07:06 +0000] "GET /scr/scrbcb.html HTTP/1.1" 200 2513 "-" "Mozilla/5.0 (compatible; MojeekBot/0.6; +https://www.mojeek.com/bot.html)"
217.103.153.151 - - [27/Aug/2017:09:07:19 +0000] "GET /irene/cross/7-jesus-falls-a-second-time.jpg HTTP/1.1" 200 73812 "http://www.wischik.com/irene/cross/" "Mozilla/5.0 (Windows NT 10.0; Win64; x64) AppleWebKit/537.36 (KHTML, like Gecko) Chrome/51.0.2704.79 Safari/537.36 Edge/14.14393"
217.103.153.151 - - [27/Aug/2017:09:07:19 +0000] "GET /favicon.ico HTTP/1.1" 404 504 "-" "Mozilla/5.0 (Windows NT 10.0; Win64; x64) AppleWebKit/537.36 (KHTML, like Gecko) Chrome/51.0.2704.79 Safari/537.36 Edge/14.14393"
217.103.153.151 - - [27/Aug/2017:09:07:40 +0000] "-" 408 0 "-" "-"
217.103.153.151 - - [27/Aug/2017:09:07:40 +0000] "-" 408 0 "-" "-"
206.41.171.110 - - [27/Aug/2017:09:08:06 +0000] "GET / HTTP/1.1" 200 2316 "-" "=Mozilla/5.0 (Windows; U; Windows NT 6.1; en-US) AppleWebKit/534.16 (KHTML, like Gecko) Chrome/10.0.648.204 Safari/534.16"
216.244.66.250 - - [27/Aug/2017:09:08:32 +0000] "GET /damon/Texts/Buyu/poem-buyu.html HTTP/1.1" 200 10550 "-" "Mozilla/5.0 (compatible; DotBot/1.1; http://www.opensiteexplorer.org/dotbot, help@moz.com)"
157.55.39.71 - - [27/Aug/2017:09:09:10 +0000] "GET /scr/howtoscr.html HTTP/1.1" 200 28062 "-" "Mozilla/5.0 (iPhone; CPU iPhone OS 7_0 like Mac OS X) AppleWebKit/537.51.1 (KHTML, like Gecko) Version/7.0 Mobile/11A465 Safari/9537.53 (compatible; bingbot/2.0; +http://www.bing.com/bingbot.htm)"
157.55.39.71 - - [27/Aug/2017:09:09:24 +0000] "GET /scr/article.css HTTP/1.1" 200 922 "-" "Mozilla/5.0 (iPhone; CPU iPhone OS 7_0 like Mac OS X) AppleWebKit/537.51.1 (KHTML, like Gecko) Version/7.0 Mobile/11A465 Safari/9537.53 (compatible; bingbot/2.0; +http://www.bing.com/bingbot.htm)"
31.223.36.184 - - [27/Aug/2017:09:09:48 +0000] "GET /lu/AsyncSilverlight/AsyncSamples.html HTTP/1.1" 200 1418 "-" "Mozilla/5.0 (iPhone; CPU iPhone OS 10_3_3 like Mac OS X) AppleWebKit/603.3.8 (KHTML, like Gecko) Version/10.0 Mobile/14G60 Safari/602.1"
31.223.36.184 - - [27/Aug/2017:09:09:48 +0000] "GET /apple-touch-icon-120x120-precomposed.png HTTP/1.1" 404 525 "-" "MobileSafari/602.1 CFNetwork/811.5.4 Darwin/16.7.0"
31.223.36.184 - - [27/Aug/2017:09:09:48 +0000] "GET /apple-touch-icon-120x120.png HTTP/1.1" 404 517 "-" "MobileSafari/602.1 CFNetwork/811.5.4 Darwin/16.7.0"
31.223.36.184 - - [27/Aug/2017:09:09:48 +0000] "GET /apple-touch-icon-precomposed.png HTTP/1.1" 404 517 "-" "MobileSafari/602.1 CFNetwork/811.5.4 Darwin/16.7.0"
31.223.36.184 - - [27/Aug/2017:09:09:48 +0000] "GET /apple-touch-icon.png HTTP/1.1" 404 511 "-" "MobileSafari/602.1 CFNetwork/811.5.4 Darwin/16.7.0"
31.223.36.184 - - [27/Aug/2017:09:09:48 +0000] "GET /favicon.ico HTTP/1.1" 404 503 "-" "MobileSafari/602.1 CFNetwork/811.5.4 Darwin/16.7.0"
31.223.36.184 - - [27/Aug/2017:09:09:48 +0000] "GET /apple-touch-icon-120x120-precomposed.png HTTP/1.1" 404 524 "-" "MobileSafari/602.1 CFNetwork/811.5.4 Darwin/16.7.0"
31.223.36.184 - - [27/Aug/2017:09:09:48 +0000] "GET /apple-touch-icon-120x120.png HTTP/1.1" 404 517 "-" "MobileSafari/602.1 CFNetwork/811.5.4 Darwin/16.7.0"
31.223.36.184 - - [27/Aug/2017:09:09:48 +0000] "GET /apple-touch-icon-precomposed.png HTTP/1.1" 404 517 "-" "MobileSafari/602.1 CFNetwork/811.5.4 Darwin/16.7.0"
31.223.36.184 - - [27/Aug/2017:09:09:49 +0000] "GET /apple-touch-icon.png HTTP/1.1" 404 511 "-" "MobileSafari/602.1 CFNetwork/811.5.4 Darwin/16.7.0"
31.223.36.184 - - [27/Aug/2017:09:09:49 +0000] "GET /favicon.ico HTTP/1.1" 404 503 "-" "MobileSafari/602.1 CFNetwork/811.5.4 Darwin/16.7.0"
180.76.15.143 - - [27/Aug/2017:09:10:55 +0000] "GET /scr/download/minimal.zip HTTP/1.1" 200 71832 "-" "Mozilla/5.0 (compatible; Baiduspider/2.0; +http://www.baidu.com/search/spider.html)"
36.74.107.113 - - [27/Aug/2017:09:11:15 +0000] "GET /wp-login.php HTTP/1.1" 404 536 "-" "Mozilla/5.0 (Windows NT 6.1; WOW64; rv:40.0) Gecko/20100101 Firefox/40.1"
