207.46.13.169 - - [27/Aug/2017:06:52:11 +0000] "GET /marcus/essay/st&h2.html HTTP/1.1" 200 3881 "-" "Mozilla/5.0 (iPhone; CPU iPhone OS 7_0 like Mac OS X) AppleWebKit/537.51.1 (KHTML, like Gecko) Version/7.0 Mobile/11A465 Safari/9537.53 (compatible; bingbot/2.0; +http://www.bing.com/bingbot.htm)"
31.218.127.114 - - [27/Aug/2017:06:52:43 +0000] "GET /damon/recipe/oventemperatures.html HTTP/1.1" 200 879 "https://www.google.ae/" "Mozilla/5.0 (Linux; Android 4.3; 5050X Build/JLS36C) AppleWebKit/537.36 (KHTML, like Gecko) Chrome/56.0.2924.87 Mobile Safari/537.36"
31.218.127.114 - - [27/Aug/2017:06:52:43 +0000] "GET /damon/recipe/recipe.css HTTP/1.1" 200 1118 "http://www.wischik.com/damon/recipe/oventemperatures.html" "Mozilla/5.0 (Linux; Android 4.3; 5050X Build/JLS36C) AppleWebKit/537.36 (KHTML, like Gecko) Chrome/56.0.2924.87 Mobile Safari/537.36"
31.218.127.114 - - [27/Aug/2017:06:52:44 +0000] "GET /favicon.ico HTTP/1.1" 404 503 "http://www.wischik.com/damon/recipe/oventemperatures.html" "Mozilla/5.0 (Linux; Android 4.3; 5050X Build/JLS36C) AppleWebKit/537.36 (KHTML, like Gecko) Chrome/56.0.2924.87 Mobile Safari/537.36"
31.218.127.114 - - [27/Aug/2017:06:53:04 +0000] "-" 408 0 "-" "-"
71.90.55.58 - - [27/Aug/2017:06:53:40 +0000] "GET /irene/cross/15-the-resurrection-of-jesus.jpg HTTP/1.1" 200 68816 "https://www.bing.com/" "Mozilla/5.0 (Windows NT 10.0; Win64; x64) AppleWebKit/537.36 (KHTML, like Gecko) Chrome/52.0.2743.116 Safari/537.36 Edge/15.15063"
27.79.23.89 - - [27/Aug/2017:06:53:45 +0000] "GET /wp-login.php HTTP/1.1" 404 536 "-" "Mozilla/5.0 (Windows NT 6.1; WOW64; rv:40.0) Gecko/20100101 Firefox/40.1"
27.79.23.89 - - [27/Aug/2017:06:53:45 +0000] "GET / HTTP/1.1" 200 3133 "-" "Mozilla/5.0 (Windows NT 6.1; WOW64; rv:40.0) Gecko/20100101 Firefox/40.1"
5.102.173.71 - - [27/Aug/2017:06:55:24 +0000] "GET /robots.txt HTTP/1.1" 200 376 "-" "Mozilla/5.0 (compatible; MojeekBot/0.6; +https://www.mojeek.com/bot.html)"
5.102.173.71 - - [27/Aug/2017:06:55:24 +0000] "GET /scr/examples.html HTTP/1.1" 200 23490 "-" "Mozilla/5.0 (compatible; MojeekBot/0.6; +https://www.mojeek.com/bot.html)"
180.76.15.153 - - [27/Aug/2017:06:55:41 +0000] "GET /lu/tarot/clubs11.html HTTP/1.1" 200 1064 "-" "Mozilla/5.0 (compatible; Baiduspider/2.0; +http://www.baidu.com/search/spider.html)"
72.69.51.148 - - [27/Aug/2017:06:56:01 +0000] "GET /lu/massage/arm.jpg HTTP/1.1" 200 14077 "https://www.google.com/" "Mozilla/5.0 (Macintosh; Intel Mac OS X 10_12_6) AppleWebKit/537.36 (KHTML, like Gecko) Chrome/60.0.3112.101 Safari/537.36"
207.46.13.105 - - [27/Aug/2017:06:56:36 +0000] "GET / HTTP/1.1" 200 1099 "-" "Mozilla/5.0 (compatible; bingbot/2.0; +http://www.bing.com/bingbot.htm)"
113.119.6.60 - - [27/Aug/2017:06:56:47 +0000] "GET /lu/programmer/1bpp.html HTTP/1.1" 200 13909 "-" "Mozilla/5.0 (Windows NT 6.1; Trident/7.0; rv:11.0) like Gecko"
113.119.6.60 - - [27/Aug/2017:06:56:47 +0000] "POST /lu/programmer/1bpp.html/trackback/ HTTP/1.1" 404 482 "http://www.wischik.com/lu/programmer/1bpp.html" "Mozilla/5.0 (Windows NT 6.1; Trident/7.0; rv:11.0) like Gecko"
66.249.70.14 - - [27/Aug/2017:06:57:19 +0000] "GET /damon/recipe/oventemperatures.html HTTP/1.1" 304 211 "-" "Mozilla/5.0 (compatible; Googlebot/2.1; +http://www.google.com/bot.html)"
216.244.66.250 - - [27/Aug/2017:06:58:13 +0000] "GET /lu/programmer/ce_utils.html HTTP/1.1" 200 5037 "-" "Mozilla/5.0 (compatible; DotBot/1.1; http://www.opensiteexplorer.org/dotbot, help@moz.com)"
216.244.66.250 - - [27/Aug/2017:06:58:16 +0000] "GET /scr/prev4/ HTTP/1.1" 200 17831 "-" "Mozilla/5.0 (compatible; DotBot/1.1; http://www.opensiteexplorer.org/dotbot, help@moz.com)"
5.102.173.71 - - [27/Aug/2017:06:58:42 +0000] "GET /robots.txt HTTP/1.1" 200 376 "-" "Mozilla/5.0 (compatible; MojeekBot/0.6; +https://www.mojeek.com/bot.html)"
5.102.173.71 - - [27/Aug/2017:06:58:42 +0000] "GET /scr/resources.html HTTP/1.1" 200 2327 "-" "Mozilla/5.0 (compatible; MojeekBot/0.6; +https://www.mojeek.com/bot.html)"
51.255.65.77 - - [27/Aug/2017:06:58:44 +0000] "GET /damon/recipe/chocmousse HTTP/1.1" 200 1140 "-" "Mozilla/5.0 (compatible; AhrefsBot/5.2; +http://ahrefs.com/robot/)"
207.46.13.85 - - [27/Aug/2017:06:59:19 +0000] "GET /damon/recipe/blancmange HTTP/1.1" 200 1775 "-" "Mozilla/5.0 (iPhone; CPU iPhone OS 7_0 like Mac OS X) AppleWebKit/537.51.1 (KHTML, like Gecko) Version/7.0 Mobile/11A465 Safari/9537.53 (compatible; bingbot/2.0; +http://www.bing.com/bingbot.htm)"
164.132.162.164 - - [27/Aug/2017:07:02:07 +0000] "GET /lu/programmer/catalog/2007/IMG_2644.jpg HTTP/1.1" 200 124136 "-" "Mozilla/5.0 (compatible; AhrefsBot/5.2; +http://ahrefs.com/robot/)"
66.249.70.14 - - [27/Aug/2017:07:02:19 +0000] "GET /scr/savers.html HTTP/1.1" 304 212 "-" "Mozilla/5.0 (compatible; Googlebot/2.1; +http://www.google.com/bot.html)"
216.244.66.203 - - [27/Aug/2017:07:02:30 +0000] "GET /damon/recipe/tag/vegetable HTTP/1.1" 200 5624 "-" "Mozilla/5.0 (compatible; DotBot/1.1; http://www.opensiteexplorer.org/dotbot, help@moz.com)"
180.76.15.159 - - [27/Aug/2017:07:02:30 +0000] "GET /damon/recipe/chestnutbruschetta HTTP/1.1" 200 1578 "-" "Mozilla/5.0 (compatible; Baiduspider/2.0; +http://www.baidu.com/search/spider.html)"
216.244.66.203 - - [27/Aug/2017:07:02:32 +0000] "GET /damon/recipe/lentilsoup HTTP/1.1" 200 3473 "-" "Mozilla/5.0 (compatible; DotBot/1.1; http://www.opensiteexplorer.org/dotbot, help@moz.com)"
141.8.143.182 - - [27/Aug/2017:07:02:40 +0000] "GET /damon/Texts/popetym.html HTTP/1.1" 200 4049 "-" "Mozilla/5.0 (compatible; YandexBot/3.0; +http://yandex.com/bots)"
216.244.66.203 - - [27/Aug/2017:07:02:57 +0000] "GET /damon/recipe/paulineham2 HTTP/1.1" 200 2744 "-" "Mozilla/5.0 (compatible; DotBot/1.1; http://www.opensiteexplorer.org/dotbot, help@moz.com)"
5.102.173.71 - - [27/Aug/2017:07:03:56 +0000] "GET /scr/howtoscr.html HTTP/1.1" 200 28006 "-" "Mozilla/5.0 (compatible; MojeekBot/0.6; +https://www.mojeek.com/bot.html)"
157.55.39.71 - - [27/Aug/2017:07:04:15 +0000] "GET /damon/recipe/ham2 HTTP/1.1" 200 1901 "-" "Mozilla/5.0 (iPhone; CPU iPhone OS 7_0 like Mac OS X) AppleWebKit/537.51.1 (KHTML, like Gecko) Version/7.0 Mobile/11A465 Safari/9537.53 (compatible; bingbot/2.0; +http://www.bing.com/bingbot.htm)"
180.76.15.152 - - [27/Aug/2017:07:04:55 +0000] "GET /damon/recipe/chocroulade HTTP/1.1" 200 1533 "-" "Mozilla/5.0 (compatible; Baiduspider/2.0; +http://www.baidu.com/search/spider.html)"
216.244.66.243 - - [27/Aug/2017:07:06:58 +0000] "GET /robots.txt HTTP/1.1" 200 359 "-" "Mozilla/5.0 (compatible; DotBot/1.1; http://www.opensiteexplorer.org/dotbot, help@moz.com)"
5.102.173.71 - - [27/Aug/2017:07:07:06 +0000] "GET /scr/savers.html HTTP/1.1" 200 4936 "-" "Mozilla/5.0 (compatible; MojeekBot/0.6; +https://www.mojeek.com/bot.html)"
86.17.74.144 - - [27/Aug/2017:07:07:20 +0000] "-" 408 0 "-" "-"
86.17.74.144 - - [27/Aug/2017:07:07:21 +0000] "-" 408 0 "-" "-"
62.210.167.185 - - [27/Aug/2017:07:08:27 +0000] "GET /lu/programmer/mapi_utils.html HTTP/1.1" 200 26659 "-" "Mozilla/5.0 (Windows NT 6.1; Trident/7.0; rv:11.0) like Gecko"
62.210.167.185 - - [27/Aug/2017:07:08:27 +0000] "POST /lu/programmer/mapi_utils.html/trackback/ HTTP/1.1" 404 485 "http://wischik.com/lu/programmer/mapi_utils.html" "Mozilla/5.0 (Windows NT 6.1; Trident/7.0; rv:11.0) like Gecko"
66.249.70.16 - - [27/Aug/2017:07:09:32 +0000] "GET /damon/Work/Research/optnetapp.pdf HTTP/1.1" 404 520 "-" "Googlebot/2.1 (+http://www.google.com/bot.html)"
66.249.70.18 - - [27/Aug/2017:07:10:30 +0000] "GET /lu/research/fm.html HTTP/1.1" 200 1835 "-" "Googlebot/2.1 (+http://www.google.com/bot.html)"
64.233.172.142 - - [27/Aug/2017:07:10:47 +0000] "GET / HTTP/1.1" 200 1099 "-" "Mozilla/5.0 (X11; Linux x86_64) AppleWebKit/537.36 (KHTML, like Gecko) Chrome/49.0.2623.75 Safari/537.36 Google Favicon"
64.233.172.140 - - [27/Aug/2017:07:10:47 +0000] "GET /favicon.ico HTTP/1.1" 404 504 "-" "Mozilla/5.0 (X11; Linux x86_64) AppleWebKit/537.36 (KHTML, like Gecko) Chrome/49.0.2623.75 Safari/537.36 Google Favicon"
183.143.157.133 - - [27/Aug/2017:07:10:58 +0000] "GET /lu/massage/ljwprof.html HTTP/1.1" 200 12907 "-" "Mozilla/5.0 (Windows NT 10.0; Win64; x64) AppleWebKit/537.36 (KHTML, like Gecko) Chrome/51.0.2704.106 Safari/537.36"
47.8.12.185 - - [27/Aug/2017:07:11:33 +0000] "-" 408 0 "-" "-"
51.255.65.14 - - [27/Aug/2017:07:11:48 +0000] "GET /damon/recipe/tag/European HTTP/1.1" 200 665 "-" "Mozilla/5.0 (compatible; AhrefsBot/5.2; +http://ahrefs.com/robot/)"
5.102.173.71 - - [27/Aug/2017:07:12:07 +0000] "GET /scr/prev4/index.html HTTP/1.1" 200 6435 "-" "Mozilla/5.0 (compatible; MojeekBot/0.6; +https://www.mojeek.com/bot.html)"
66.249.70.18 - - [27/Aug/2017:07:12:29 +0000] "GET /lu/senses/sticky/extrasticks.php?author=Ben&s=70e39ba0982cabd94a7e37a75a2e85dd HTTP/1.1" 500 276 "-" "Mozilla/5.0 (compatible; Googlebot/2.1; +http://www.google.com/bot.html)"
217.182.132.171 - - [27/Aug/2017:07:13:25 +0000] "GET /damon/recipe/blawmange HTTP/1.1" 200 1567 "-" "Mozilla/5.0 (compatible; AhrefsBot/5.2; +http://ahrefs.com/robot/)"
176.10.236.206 - - [27/Aug/2017:07:14:13 +0000] "GET /lu/senses/bwcreature.html HTTP/1.1" 200 15007 "https://www.google.se/" "Mozilla/5.0 (Windows NT 10.0; Win64; x64) AppleWebKit/537.36 (KHTML, like Gecko) Chrome/60.0.3112.101 Safari/537.36"
176.10.236.206 - - [27/Aug/2017:07:14:14 +0000] "GET /favicon.ico HTTP/1.1" 404 503 "http://www.wischik.com/lu/senses/bwcreature.html" "Mozilla/5.0 (Windows NT 10.0; Win64; x64) AppleWebKit/537.36 (KHTML, like Gecko) Chrome/60.0.3112.101 Safari/537.36"
5.102.173.71 - - [27/Aug/2017:07:14:43 +0000] "GET /scr/scrapi.html HTTP/1.1" 200 2326 "-" "Mozilla/5.0 (compatible; MojeekBot/0.6; +https://www.mojeek.com/bot.html)"
216.244.66.250 - - [27/Aug/2017:07:14:47 +0000] "GET /damon/recipe/berrysalad HTTP/1.1" 200 2412 "-" "Mozilla/5.0 (compatible; DotBot/1.1; http://www.opensiteexplorer.org/dotbot, help@moz.com)"
192.95.42.42 - - [27/Aug/2017:07:16:29 +0000] "GET /lu/programmer/bho.html HTTP/1.1" 200 6420 "http://wischik.com/" "Mozilla/5.0 (Windows NT 10.0; Win64; x64) AppleWebKit/537.36 (KHTML, like Gecko) Chrome/59.0.3071.104 Safari/537.36"
192.95.42.42 - - [27/Aug/2017:07:16:29 +0000] "GET /lu/programmer/. HTTP/1.1" 200 12227 "http://wischik.com/" "Mozilla/5.0 (Windows NT 10.0; Win64; x64) AppleWebKit/537.36 (KHTML, like Gecko) Chrome/59.0.3071.104 Safari/537.36"
178.49.120.27 - - [27/Aug/2017:07:16:47 +0000] "GET /lu/programmer/avi_utils.html HTTP/1.1" 200 7178 "-" "Mozilla/5.0 (Windows NT 6.3; Win64; x64) AppleWebKit/537.36 (KHTML, like Gecko) Chrome/60.0.3112.101 Safari/537.36"
178.49.120.27 - - [27/Aug/2017:07:16:48 +0000] "GET /favicon.ico HTTP/1.1" 404 503 "http://www.wischik.com/lu/programmer/avi_utils.html" "Mozilla/5.0 (Windows NT 6.3; Win64; x64) AppleWebKit/537.36 (KHTML, like Gecko) Chrome/60.0.3112.101 Safari/537.36"
112.95.19.210 - - [27/Aug/2017:07:17:02 +0000] "GET /lu/programmer/avi_utils.html HTTP/1.1" 200 7122 "https://www.google.com.hk/" "Mozilla/5.0 (Windows NT 6.1; Win64; x64) AppleWebKit/537.36 (KHTML, like Gecko) Chrome/59.0.3071.115 Safari/537.36"
112.95.19.210 - - [27/Aug/2017:07:17:02 +0000] "GET /favicon.ico HTTP/1.1" 404 448 "http://www.wischik.com/lu/programmer/avi_utils.html" "Mozilla/5.0 (Windows NT 6.1; Win64; x64) AppleWebKit/537.36 (KHTML, like Gecko) Chrome/59.0.3071.115 Safari/537.36"
180.76.15.163 - - [27/Aug/2017:07:18:19 +0000] "GET /damon/recipe/leekquiche HTTP/1.1" 200 1954 "-" "Mozilla/5.0 (compatible; Baiduspider/2.0; +http://www.baidu.com/search/spider.html)"
78.37.128.203 - - [27/Aug/2017:07:19:07 +0000] "GET /lu/programmer/avi_utils.html HTTP/1.1" 200 7178 "-" "Mozilla/5.0 (Windows NT 10.0; Win64; x64) AppleWebKit/537.36 (KHTML, like Gecko) Chrome/60.0.3112.101 Safari/537.36"
78.37.128.203 - - [27/Aug/2017:07:19:07 +0000] "GET /favicon.ico HTTP/1.1" 404 503 "http://www.wischik.com/lu/programmer/avi_utils.html" "Mozilla/5.0 (Windows NT 10.0; Win64; x64) AppleWebKit/537.36 (KHTML, like Gecko) Chrome/60.0.3112.101 Safari/537.36"
78.37.128.203 - - [27/Aug/2017:07:19:28 +0000] "-" 408 0 "-" "-"
78.37.128.203 - - [27/Aug/2017:07:19:28 +0000] "-" 408 0 "-" "-"
78.37.128.203 - - [27/Aug/2017:07:19:28 +0000] "-" 408 0 "-" "-"
78.37.128.203 - - [27/Aug/2017:07:19:28 +0000] "-" 408 0 "-" "-"
180.76.15.144 - - [27/Aug/2017:07:21:00 +0000] "GET /lu/programmer/catalog/2007/2006.11.26%20-%20view%20across%20lake%20bright.jpg HTTP/1.1" 200 50545 "-" "Mozilla/5.0 (compatible; Baiduspider/2.0; +http://www.baidu.com/search/spider.html)"
91.200.12.143 - - [27/Aug/2017:07:24:30 +0000] "GET /lu/programmer/1bpp.html HTTP/1.0" 200 51038 "http://www.wischik.com/lu/programmer/1bpp.html" "Mozilla/5.0 (Windows NT 6.3; Win64; x64) AppleWebKit/537.36 (KHTML, like Gecko) Chrome/58.0.3029.96 Safari/537.36"
107.21.1.8 - - [27/Aug/2017:07:26:35 +0000] "GET / HTTP/1.1" 200 1099 "http://wischik.com/" "Mozilla/5.0 (compatible; DuckDuckGo-Favicons-Bot/1.0; +http://duckduckgo.com)"
107.21.1.8 - - [27/Aug/2017:07:26:35 +0000] "GET /favicon.ico HTTP/1.1" 404 501 "http://wischik.com/favicon.ico" "Mozilla/5.0 (compatible; DuckDuckGo-Favicons-Bot/1.0; +http://duckduckgo.com)"
173.89.171.212 - - [27/Aug/2017:07:26:44 +0000] "GET /marcus/essay/faust.html HTTP/1.1" 200 3799 "-" "Mozilla/5.0 (iPhone; CPU iPhone OS 10_3_3 like Mac OS X) AppleWebKit/603.3.8 (KHTML, like Gecko) Version/10.0 Mobile/14G60 Safari/602.1"
173.89.171.212 - - [27/Aug/2017:07:26:44 +0000] "GET /apple-touch-icon-120x120-precomposed.png HTTP/1.1" 404 525 "-" "MobileSafari/602.1 CFNetwork/811.5.4 Darwin/16.7.0"
173.89.171.212 - - [27/Aug/2017:07:26:44 +0000] "GET /apple-touch-icon-120x120.png HTTP/1.1" 404 517 "-" "MobileSafari/602.1 CFNetwork/811.5.4 Darwin/16.7.0"
173.89.171.212 - - [27/Aug/2017:07:26:45 +0000] "GET /apple-touch-icon-precomposed.png HTTP/1.1" 404 517 "-" "MobileSafari/602.1 CFNetwork/811.5.4 Darwin/16.7.0"
173.89.171.212 - - [27/Aug/2017:07:26:45 +0000] "GET /apple-touch-icon.png HTTP/1.1" 404 511 "-" "MobileSafari/602.1 CFNetwork/811.5.4 Darwin/16.7.0"
173.89.171.212 - - [27/Aug/2017:07:26:45 +0000] "GET /favicon.ico HTTP/1.1" 404 503 "-" "MobileSafari/602.1 CFNetwork/811.5.4 Darwin/16.7.0"
173.89.171.212 - - [27/Aug/2017:07:26:45 +0000] "GET /apple-touch-icon-120x120-precomposed.png HTTP/1.1" 404 524 "-" "MobileSafari/602.1 CFNetwork/811.5.4 Darwin/16.7.0"
173.89.171.212 - - [27/Aug/2017:07:26:45 +0000] "GET /apple-touch-icon-120x120.png HTTP/1.1" 404 517 "-" "MobileSafari/602.1 CFNetwork/811.5.4 Darwin/16.7.0"
173.89.171.212 - - [27/Aug/2017:07:26:45 +0000] "GET /apple-touch-icon-precomposed.png HTTP/1.1" 404 517 "-" "MobileSafari/602.1 CFNetwork/811.5.4 Darwin/16.7.0"
173.89.171.212 - - [27/Aug/2017:07:26:46 +0000] "GET /apple-touch-icon.png HTTP/1.1" 404 511 "-" "MobileSafari/602.1 CFNetwork/811.5.4 Darwin/16.7.0"
173.89.171.212 - - [27/Aug/2017:07:26:46 +0000] "GET /favicon.ico HTTP/1.1" 404 503 "-" "MobileSafari/602.1 CFNetwork/811.5.4 Darwin/16.7.0"
66.249.70.18 - - [27/Aug/2017:07:27:48 +0000] "GET /damon/Texts/kefir/index.html HTTP/1.1" 304 212 "-" "Mozilla/5.0 (compatible; Googlebot/2.1; +http://www.google.com/bot.html)"
47.9.129.69 - - [27/Aug/2017:07:31:00 +0000] "GET /lu/photos/woodstock.jpg HTTP/1.1" 200 77602 "-" "Mozilla/5.0 (Linux; Android 5.0.2; vivo Y51L Build/LRX22G; wv) AppleWebKit/537.36 (KHTML, like Gecko) Version/4.0 Chrome/48.0.2564.106 Mobile Safari/537.36 GSA/6.14.24.21.arm64"
216.244.66.203 - - [27/Aug/2017:07:32:48 +0000] "GET /robots.txt HTTP/1.1" 200 359 "-" "Mozilla/5.0 (compatible; DotBot/1.1; http://www.opensiteexplorer.org/dotbot, help@moz.com)"
216.244.66.203 - - [27/Aug/2017:07:32:48 +0000] "GET /robots.txt HTTP/1.1" 200 359 "-" "Mozilla/5.0 (compatible; DotBot/1.1; http://www.opensiteexplorer.org/dotbot, help@moz.com)"
217.182.132.23 - - [27/Aug/2017:07:33:36 +0000] "GET /damon/Texts/Buyu/poem-songxiong.html HTTP/1.1" 200 2124 "-" "Mozilla/5.0 (compatible; AhrefsBot/5.2; +http://ahrefs.com/robot/)"
180.76.15.152 - - [27/Aug/2017:07:33:56 +0000] "GET /lu/programmer/catalog/2007/IMG_2645.jpg HTTP/1.1" 200 148799 "-" "Mozilla/5.0 (compatible; Baiduspider/2.0; +http://www.baidu.com/search/spider.html)"
213.205.198.132 - - [27/Aug/2017:07:34:45 +0000] "GET /lu/massage/arm.jpg HTTP/1.1" 200 14077 "https://www.google.co.uk/" "Mozilla/5.0 (iPhone; CPU iPhone OS 10_3_3 like Mac OS X) AppleWebKit/603.3.8 (KHTML, like Gecko) Version/10.0 Mobile/14G60 Safari/602.1"
141.8.143.182 - - [27/Aug/2017:07:35:09 +0000] "GET /irene/cross/10-jesus-is-stripped-of-his-garments.jpg HTTP/1.1" 304 190 "-" "Mozilla/5.0 (compatible; YandexImages/3.0; +http://yandex.com/bots)"
176.252.172.25 - - [27/Aug/2017:07:35:24 +0000] "GET /damon/recipe/oventemperatures.html HTTP/1.1" 200 879 "https://www.google.co.uk/" "Mozilla/5.0 (Windows NT 6.1; Win64; x64) AppleWebKit/537.36 (KHTML, like Gecko) Chrome/60.0.3112.101 Safari/537.36"
176.252.172.25 - - [27/Aug/2017:07:35:24 +0000] "GET /damon/recipe/recipe.css HTTP/1.1" 200 1118 "http://www.wischik.com/damon/recipe/oventemperatures.html" "Mozilla/5.0 (Windows NT 6.1; Win64; x64) AppleWebKit/537.36 (KHTML, like Gecko) Chrome/60.0.3112.101 Safari/537.36"
176.252.172.25 - - [27/Aug/2017:07:35:24 +0000] "GET /favicon.ico HTTP/1.1" 404 503 "http://www.wischik.com/damon/recipe/oventemperatures.html" "Mozilla/5.0 (Windows NT 6.1; Win64; x64) AppleWebKit/537.36 (KHTML, like Gecko) Chrome/60.0.3112.101 Safari/537.36"
74.117.180.23 - - [27/Aug/2017:07:36:09 +0000] "HEAD /lu/programmer/mailnotify.zip HTTP/1.1" 200 264 "-" "Mozilla/5.0 (Windows NT 5.1; rv:49.0) Gecko/20100101 Firefox/49.0"
74.117.180.23 - - [27/Aug/2017:07:36:19 +0000] "HEAD /lu/programmer/shellex.zip HTTP/1.1" 200 264 "-" "Mozilla/5.0 (Windows NT 5.1; rv:49.0) Gecko/20100101 Firefox/49.0"
74.117.180.23 - - [27/Aug/2017:07:36:22 +0000] "HEAD /lu/programmer/pngbb.zip HTTP/1.1" 200 265 "-" "Mozilla/5.0 (Windows NT 5.1; rv:49.0) Gecko/20100101 Firefox/49.0"
183.143.157.133 - - [27/Aug/2017:07:37:54 +0000] "GET /lu/massage/ljwprof.html HTTP/1.1" 200 12907 "-" "Mozilla/5.0 (Windows NT 10.0; Win64; x64) AppleWebKit/537.36 (KHTML, like Gecko) Chrome/51.0.2704.106 Safari/537.36"
216.244.66.250 - - [27/Aug/2017:07:39:01 +0000] "GET /lu/massage/ljwinstruct.html HTTP/1.1" 200 32126 "-" "Mozilla/5.0 (compatible; DotBot/1.1; http://www.opensiteexplorer.org/dotbot, help@moz.com)"
51.255.65.67 - - [27/Aug/2017:07:39:20 +0000] "GET /damon/recipe/asparagusfettucine HTTP/1.1" 200 1460 "-" "Mozilla/5.0 (compatible; AhrefsBot/5.2; +http://ahrefs.com/robot/)"
207.46.13.85 - - [27/Aug/2017:07:40:01 +0000] "GET /damon/recipe/anzac HTTP/1.1" 200 1570 "-" "Mozilla/5.0 (iPhone; CPU iPhone OS 7_0 like Mac OS X) AppleWebKit/537.51.1 (KHTML, like Gecko) Version/7.0 Mobile/11A465 Safari/9537.53 (compatible; bingbot/2.0; +http://www.bing.com/bingbot.htm)"
216.244.66.250 - - [27/Aug/2017:07:41:26 +0000] "GET /damon/recipe/mangosauce HTTP/1.1" 200 2578 "-" "Mozilla/5.0 (compatible; DotBot/1.1; http://www.opensiteexplorer.org/dotbot, help@moz.com)"
66.103.190.149 - - [27/Aug/2017:07:41:49 +0000] "GET /irene/cross/15-the-resurrection-of-jesus.jpg HTTP/1.1" 200 68816 "-" "Mozilla/5.0 (Windows NT 6.1; Win64; x64) AppleWebKit/537.36 (KHTML, like Gecko) Chrome/60.0.3112.101 Safari/537.36"
180.76.15.23 - - [27/Aug/2017:07:42:01 +0000] "GET /lu/senses/eu-faq.pdf HTTP/1.1" 200 291224 "-" "Mozilla/5.0 (compatible; Baiduspider/2.0; +http://www.baidu.com/search/spider.html)"
66.103.190.149 - - [27/Aug/2017:07:42:10 +0000] "-" 408 0 "-" "-"
74.117.180.23 - - [27/Aug/2017:07:42:37 +0000] "HEAD /lu/programmer/tsbrowse35.zip HTTP/1.1" 200 265 "-" "Mozilla/5.0 (Windows NT 5.1; rv:49.0) Gecko/20100101 Firefox/49.0"
101.164.67.228 - - [27/Aug/2017:07:42:52 +0000] "GET /irene/cross/1-jesus-is-condemned-to-death.jpg HTTP/1.1" 200 88020 "https://www.google.com.au/" "Mozilla/5.0 (Macintosh; Intel Mac OS X 10_12_3) AppleWebKit/537.36 (KHTML, like Gecko) Chrome/60.0.3112.90 Safari/537.36"
66.249.70.16 - - [27/Aug/2017:07:42:59 +0000] "GET /marcus/essay/st&h3.html HTTP/1.1" 200 5510 "-" "Mozilla/5.0 (compatible; Googlebot/2.1; +http://www.google.com/bot.html)"
74.117.180.23 - - [27/Aug/2017:07:43:26 +0000] "HEAD /lu/programmer/divoff.zip HTTP/1.1" 200 264 "-" "Mozilla/5.0 (Windows NT 5.1; rv:49.0) Gecko/20100101 Firefox/49.0"
216.244.66.250 - - [27/Aug/2017:07:45:17 +0000] "GET /irene/plates/PlateAztec.html HTTP/1.1" 200 1227 "-" "Mozilla/5.0 (compatible; DotBot/1.1; http://www.opensiteexplorer.org/dotbot, help@moz.com)"
110.21.201.199 - - [27/Aug/2017:07:45:21 +0000] "GET /lu/philosophy/talks/2005.03.01%20-%20The%20Copenhagen%20Consensus%20-%20Bjorn%20Lomberg%20-%20prioritisation%20is%20unpleasant%20to%20institutionally%20it's%20absent.jpg HTTP/1.1" 200 163195 "https://www.google.com.au/" "Mozilla/5.0 (Windows NT 10.0; Win64; x64) AppleWebKit/537.36 (KHTML, like Gecko) Chrome/60.0.3112.101 Safari/537.36"
207.46.13.85 - - [27/Aug/2017:07:46:07 +0000] "GET /lu/tarot/clubs04.jpg HTTP/1.1" 200 75204 "-" "Mozilla/5.0 (compatible; bingbot/2.0; +http://www.bing.com/bingbot.htm)"
74.117.180.23 - - [27/Aug/2017:07:46:30 +0000] "HEAD /lu/programmer/autoplay.zip HTTP/1.1" 200 264 "-" "Mozilla/5.0 (Windows NT 5.1; rv:49.0) Gecko/20100101 Firefox/49.0"
74.117.180.23 - - [27/Aug/2017:07:46:34 +0000] "HEAD /lu/programmer/modname.zip HTTP/1.1" 200 264 "-" "Mozilla/5.0 (Windows NT 5.1; rv:49.0) Gecko/20100101 Firefox/49.0"
82.13.84.214 - - [27/Aug/2017:07:46:40 +0000] "GET /damon/recipe/oventemperatures.html HTTP/1.1" 200 879 "-" "Mozilla/5.0 (iPad; CPU OS 10_3_3 like Mac OS X) AppleWebKit/603.3.8 (KHTML, like Gecko) Version/10.0 Mobile/14G60 Safari/602.1"
82.13.84.214 - - [27/Aug/2017:07:46:41 +0000] "GET /apple-touch-icon-152x152-precomposed.png HTTP/1.1" 404 526 "-" "MobileSafari/602.1 CFNetwork/811.5.4 Darwin/16.7.0"
82.13.84.214 - - [27/Aug/2017:07:46:41 +0000] "GET /apple-touch-icon-152x152.png HTTP/1.1" 404 517 "-" "MobileSafari/602.1 CFNetwork/811.5.4 Darwin/16.7.0"
82.13.84.214 - - [27/Aug/2017:07:46:41 +0000] "GET /apple-touch-icon-precomposed.png HTTP/1.1" 404 517 "-" "MobileSafari/602.1 CFNetwork/811.5.4 Darwin/16.7.0"
82.13.84.214 - - [27/Aug/2017:07:46:41 +0000] "GET /apple-touch-icon.png HTTP/1.1" 404 511 "-" "MobileSafari/602.1 CFNetwork/811.5.4 Darwin/16.7.0"
82.13.84.214 - - [27/Aug/2017:07:46:41 +0000] "GET /favicon.ico HTTP/1.1" 404 503 "-" "MobileSafari/602.1 CFNetwork/811.5.4 Darwin/16.7.0"
82.13.84.214 - - [27/Aug/2017:07:46:41 +0000] "GET /apple-touch-icon-152x152-precomposed.png HTTP/1.1" 404 525 "-" "MobileSafari/602.1 CFNetwork/811.5.4 Darwin/16.7.0"
82.13.84.214 - - [27/Aug/2017:07:46:41 +0000] "GET /apple-touch-icon-152x152.png HTTP/1.1" 404 517 "-" "MobileSafari/602.1 CFNetwork/811.5.4 Darwin/16.7.0"
82.13.84.214 - - [27/Aug/2017:07:46:41 +0000] "GET /apple-touch-icon-precomposed.png HTTP/1.1" 404 517 "-" "MobileSafari/602.1 CFNetwork/811.5.4 Darwin/16.7.0"
82.13.84.214 - - [27/Aug/2017:07:46:41 +0000] "GET /apple-touch-icon.png HTTP/1.1" 404 511 "-" "MobileSafari/602.1 CFNetwork/811.5.4 Darwin/16.7.0"
82.13.84.214 - - [27/Aug/2017:07:46:41 +0000] "GET /favicon.ico HTTP/1.1" 404 503 "-" "MobileSafari/602.1 CFNetwork/811.5.4 Darwin/16.7.0"
74.117.180.23 - - [27/Aug/2017:07:46:56 +0000] "HEAD /lu/programmer/audioin55.zip HTTP/1.1" 200 268 "-" "Mozilla/5.0 (Windows NT 5.1; rv:49.0) Gecko/20100101 Firefox/49.0"
74.117.180.23 - - [27/Aug/2017:07:47:00 +0000] "HEAD /lu/programmer/playres.zip HTTP/1.1" 200 264 "-" "Mozilla/5.0 (Windows NT 5.1; rv:49.0) Gecko/20100101 Firefox/49.0"
207.46.13.85 - - [27/Aug/2017:07:47:17 +0000] "GET /lu/lady/ripe/t_passionfruit.gif HTTP/1.1" 200 3901 "-" "Mozilla/5.0 (compatible; bingbot/2.0; +http://www.bing.com/bingbot.htm)"
207.46.13.105 - - [27/Aug/2017:07:47:21 +0000] "GET /damon/Songs/leaf3.jpg HTTP/1.1" 200 5700 "-" "Mozilla/5.0 (compatible; bingbot/2.0; +http://www.bing.com/bingbot.htm)"
157.55.39.71 - - [27/Aug/2017:07:47:22 +0000] "GET /lu/programmer/catalog/England%20and%20Scotland/at%20car%20-%20peparami%20lu.jpg HTTP/1.1" 200 67329 "-" "Mozilla/5.0 (compatible; bingbot/2.0; +http://www.bing.com/bingbot.htm)"
207.46.13.169 - - [27/Aug/2017:07:47:56 +0000] "GET /lu/travel/swimming/route_kirkland.jpg HTTP/1.1" 200 35512 "-" "Mozilla/5.0 (compatible; bingbot/2.0; +http://www.bing.com/bingbot.htm)"
207.46.13.105 - - [27/Aug/2017:07:48:06 +0000] "GET /lu/philosophy/talks/2007.05.16%20-%20Everything%20is%20Random%20-%20David%20Weinberger%20-%20Data%20and%20metadata%20are%20now%20confused.jpg HTTP/1.1" 200 140821 "-" "Mozilla/5.0 (compatible; bingbot/2.0; +http://www.bing.com/bingbot.htm)"
207.46.13.105 - - [27/Aug/2017:07:48:07 +0000] "GET /lu/programmer/editable-web/07-saving.gif HTTP/1.1" 200 18086 "-" "Mozilla/5.0 (compatible; bingbot/2.0; +http://www.bing.com/bingbot.htm)"
207.46.13.169 - - [27/Aug/2017:07:48:11 +0000] "GET /scr/howtoscr/config1.gif HTTP/1.1" 200 9238 "-" "Mozilla/5.0 (compatible; bingbot/2.0; +http://www.bing.com/bingbot.htm)"
157.55.39.71 - - [27/Aug/2017:07:48:12 +0000] "GET /lu/tarot/clubs11.jpg HTTP/1.1" 200 57830 "-" "Mozilla/5.0 (compatible; bingbot/2.0; +http://www.bing.com/bingbot.htm)"
157.55.39.71 - - [27/Aug/2017:07:48:13 +0000] "GET /lu/programmer/editable-web/09-insertimage-done.gif HTTP/1.1" 200 21558 "-" "Mozilla/5.0 (compatible; bingbot/2.0; +http://www.bing.com/bingbot.htm)"
207.46.13.169 - - [27/Aug/2017:07:48:52 +0000] "GET /lu/travel/sailing/sail6.jpg HTTP/1.1" 200 226142 "-" "Mozilla/5.0 (compatible; bingbot/2.0; +http://www.bing.com/bingbot.htm)"
207.46.13.85 - - [27/Aug/2017:07:49:07 +0000] "GET /lu/programmer/catalog/2007.05.06%20-%20Flight%20to%20Astoria/IMG_2200.jpg HTTP/1.1" 200 33046 "-" "Mozilla/5.0 (compatible; bingbot/2.0; +http://www.bing.com/bingbot.htm)"
207.46.13.105 - - [27/Aug/2017:07:49:57 +0000] "GET /lu/faces/t168a2.jpeg HTTP/1.1" 200 5667 "-" "Mozilla/5.0 (compatible; bingbot/2.0; +http://www.bing.com/bingbot.htm)"
207.46.13.105 - - [27/Aug/2017:07:50:16 +0000] "GET /lu/senses/galciv/Ranger.gif HTTP/1.1" 200 5827 "-" "Mozilla/5.0 (compatible; bingbot/2.0; +http://www.bing.com/bingbot.htm)"
86.183.91.158 - - [27/Aug/2017:07:50:22 +0000] "GET /damon/recipe/oventemperatures.html HTTP/1.1" 200 879 "-" "Mozilla/5.0 (iPhone; CPU iPhone OS 10_3_3 like Mac OS X) AppleWebKit/603.3.8 (KHTML, like Gecko) Version/10.0 Mobile/14G60 Safari/602.1"
86.183.91.158 - - [27/Aug/2017:07:50:22 +0000] "GET /apple-touch-icon-120x120-precomposed.png HTTP/1.1" 404 525 "-" "MobileSafari/602.1 CFNetwork/811.5.4 Darwin/16.7.0"
86.183.91.158 - - [27/Aug/2017:07:50:23 +0000] "GET /apple-touch-icon-120x120.png HTTP/1.1" 404 517 "-" "MobileSafari/602.1 CFNetwork/811.5.4 Darwin/16.7.0"
86.183.91.158 - - [27/Aug/2017:07:50:23 +0000] "GET /apple-touch-icon-precomposed.png HTTP/1.1" 404 517 "-" "MobileSafari/602.1 CFNetwork/811.5.4 Darwin/16.7.0"
86.183.91.158 - - [27/Aug/2017:07:50:23 +0000] "GET /apple-touch-icon.png HTTP/1.1" 404 511 "-" "MobileSafari/602.1 CFNetwork/811.5.4 Darwin/16.7.0"
86.183.91.158 - - [27/Aug/2017:07:50:23 +0000] "GET /favicon.ico HTTP/1.1" 404 503 "-" "MobileSafari/602.1 CFNetwork/811.5.4 Darwin/16.7.0"
86.183.91.158 - - [27/Aug/2017:07:50:23 +0000] "GET /apple-touch-icon-120x120-precomposed.png HTTP/1.1" 404 524 "-" "MobileSafari/602.1 CFNetwork/811.5.4 Darwin/16.7.0"
86.183.91.158 - - [27/Aug/2017:07:50:23 +0000] "GET /apple-touch-icon-120x120.png HTTP/1.1" 404 517 "-" "MobileSafari/602.1 CFNetwork/811.5.4 Darwin/16.7.0"
86.183.91.158 - - [27/Aug/2017:07:50:23 +0000] "GET /apple-touch-icon-precomposed.png HTTP/1.1" 404 517 "-" "MobileSafari/602.1 CFNetwork/811.5.4 Darwin/16.7.0"
86.183.91.158 - - [27/Aug/2017:07:50:23 +0000] "GET /apple-touch-icon.png HTTP/1.1" 404 511 "-" "MobileSafari/602.1 CFNetwork/811.5.4 Darwin/16.7.0"
86.183.91.158 - - [27/Aug/2017:07:50:23 +0000] "GET /favicon.ico HTTP/1.1" 404 503 "-" "MobileSafari/602.1 CFNetwork/811.5.4 Darwin/16.7.0"
216.244.66.250 - - [27/Aug/2017:07:51:15 +0000] "GET /damon/recipe/bbqfish HTTP/1.1" 200 3367 "-" "Mozilla/5.0 (compatible; DotBot/1.1; http://www.opensiteexplorer.org/dotbot, help@moz.com)"
216.244.66.250 - - [27/Aug/2017:07:51:18 +0000] "GET /damon/recipe/asparagusfettucine HTTP/1.1" 200 4060 "-" "Mozilla/5.0 (compatible; DotBot/1.1; http://www.opensiteexplorer.org/dotbot, help@moz.com)"
216.244.66.250 - - [27/Aug/2017:07:51:19 +0000] "GET /damon/recipe/tag/slice HTTP/1.1" 200 1018 "-" "Mozilla/5.0 (compatible; DotBot/1.1; http://www.opensiteexplorer.org/dotbot, help@moz.com)"
216.244.66.250 - - [27/Aug/2017:07:51:21 +0000] "GET /damon/recipe/moussaka HTTP/1.1" 200 5224 "-" "Mozilla/5.0 (compatible; DotBot/1.1; http://www.opensiteexplorer.org/dotbot, help@moz.com)"
216.244.66.250 - - [27/Aug/2017:07:51:22 +0000] "GET /damon/recipe/tag/chocolate HTTP/1.1" 200 5317 "-" "Mozilla/5.0 (compatible; DotBot/1.1; http://www.opensiteexplorer.org/dotbot, help@moz.com)"
216.244.66.250 - - [27/Aug/2017:07:51:24 +0000] "GET /damon/recipe/portsauce HTTP/1.1" 200 3398 "-" "Mozilla/5.0 (compatible; DotBot/1.1; http://www.opensiteexplorer.org/dotbot, help@moz.com)"
216.244.66.250 - - [27/Aug/2017:07:51:25 +0000] "GET /damon/recipe/butternutsoup HTTP/1.1" 200 4875 "-" "Mozilla/5.0 (compatible; DotBot/1.1; http://www.opensiteexplorer.org/dotbot, help@moz.com)"
216.244.66.250 - - [27/Aug/2017:07:51:27 +0000] "GET /damon/recipe/tag/port HTTP/1.1" 200 1149 "-" "Mozilla/5.0 (compatible; DotBot/1.1; http://www.opensiteexplorer.org/dotbot, help@moz.com)"
216.244.66.250 - - [27/Aug/2017:07:51:32 +0000] "GET /damon/recipe/mangosauce HTTP/1.1" 200 2578 "-" "Mozilla/5.0 (compatible; DotBot/1.1; http://www.opensiteexplorer.org/dotbot, help@moz.com)"
216.244.66.250 - - [27/Aug/2017:07:51:33 +0000] "GET /damon/recipe/mushroomcutlets HTTP/1.1" 200 3612 "-" "Mozilla/5.0 (compatible; DotBot/1.1; http://www.opensiteexplorer.org/dotbot, help@moz.com)"
207.46.13.85 - - [27/Aug/2017:07:51:58 +0000] "GET /irene/cross/15-small.jpg HTTP/1.1" 200 4684 "-" "Mozilla/5.0 (compatible; bingbot/2.0; +http://www.bing.com/bingbot.htm)"
157.55.39.71 - - [27/Aug/2017:07:51:59 +0000] "GET /lu/about/portrait-sailing2.jpg HTTP/1.1" 200 22341 "-" "Mozilla/5.0 (compatible; bingbot/2.0; +http://www.bing.com/bingbot.htm)"
31.223.36.184 - - [27/Aug/2017:07:52:01 +0000] "GET /lu/AsyncSilverlight/AsyncSamples.html HTTP/1.1" 200 1418 "-" "Mozilla/5.0 (iPhone; CPU iPhone OS 10_3_3 like Mac OS X) AppleWebKit/603.3.8 (KHTML, like Gecko) Version/10.0 Mobile/14G60 Safari/602.1"
31.223.36.184 - - [27/Aug/2017:07:52:02 +0000] "GET /apple-touch-icon-120x120-precomposed.png HTTP/1.1" 404 525 "-" "MobileSafari/602.1 CFNetwork/811.5.4 Darwin/16.7.0"
31.223.36.184 - - [27/Aug/2017:07:52:02 +0000] "GET /apple-touch-icon-120x120.png HTTP/1.1" 404 517 "-" "MobileSafari/602.1 CFNetwork/811.5.4 Darwin/16.7.0"
207.46.13.105 - - [27/Aug/2017:07:52:02 +0000] "GET /lu/senses/abs-vader.jpg HTTP/1.1" 200 5987 "-" "Mozilla/5.0 (compatible; bingbot/2.0; +http://www.bing.com/bingbot.htm)"
31.223.36.184 - - [27/Aug/2017:07:52:02 +0000] "GET /apple-touch-icon-precomposed.png HTTP/1.1" 404 517 "-" "MobileSafari/602.1 CFNetwork/811.5.4 Darwin/16.7.0"
31.223.36.184 - - [27/Aug/2017:07:52:03 +0000] "GET /apple-touch-icon.png HTTP/1.1" 404 511 "-" "MobileSafari/602.1 CFNetwork/811.5.4 Darwin/16.7.0"
31.223.36.184 - - [27/Aug/2017:07:52:03 +0000] "GET /favicon.ico HTTP/1.1" 404 503 "-" "MobileSafari/602.1 CFNetwork/811.5.4 Darwin/16.7.0"
31.223.36.184 - - [27/Aug/2017:07:52:03 +0000] "GET /apple-touch-icon-120x120-precomposed.png HTTP/1.1" 404 524 "-" "MobileSafari/602.1 CFNetwork/811.5.4 Darwin/16.7.0"
31.223.36.184 - - [27/Aug/2017:07:52:03 +0000] "GET /apple-touch-icon-120x120.png HTTP/1.1" 404 517 "-" "MobileSafari/602.1 CFNetwork/811.5.4 Darwin/16.7.0"
207.46.13.169 - - [27/Aug/2017:07:52:03 +0000] "GET /lu/massage/chest.jpg HTTP/1.1" 200 6094 "-" "Mozilla/5.0 (compatible; bingbot/2.0; +http://www.bing.com/bingbot.htm)"
31.223.36.184 - - [27/Aug/2017:07:52:04 +0000] "GET /apple-touch-icon-precomposed.png HTTP/1.1" 404 517 "-" "MobileSafari/602.1 CFNetwork/811.5.4 Darwin/16.7.0"
31.223.36.184 - - [27/Aug/2017:07:52:04 +0000] "GET /apple-touch-icon.png HTTP/1.1" 404 511 "-" "MobileSafari/602.1 CFNetwork/811.5.4 Darwin/16.7.0"
31.223.36.184 - - [27/Aug/2017:07:52:04 +0000] "GET /favicon.ico HTTP/1.1" 404 503 "-" "MobileSafari/602.1 CFNetwork/811.5.4 Darwin/16.7.0"
199.59.150.183 - - [27/Aug/2017:07:52:38 +0000] "GET /robots.txt HTTP/1.1" 200 359 "-" "Twitterbot/1.0"
17.142.159.157 - - [27/Aug/2017:07:52:38 +0000] "GET /robots.txt HTTP/1.1" 200 432 "-" "Mozilla/5.0 (Macintosh; Intel Mac OS X 10_10_1) AppleWebKit/600.2.5 (KHTML, like Gecko) Version/8.0.2 Safari/600.2.5 (Applebot/0.1; +http://www.apple.com/go/applebot)"
136.243.154.102 - - [27/Aug/2017:07:52:38 +0000] "HEAD /lu/senses/fever.html HTTP/1.1" 206 331 "-" "MetaURI API/2.0 +metauri.com"
199.59.150.183 - - [27/Aug/2017:07:52:38 +0000] "GET /lu/senses/fever.html HTTP/1.1" 200 30450 "-" "Twitterbot/1.0"
136.243.154.102 - - [27/Aug/2017:07:52:38 +0000] "GET /lu/senses/fever.html HTTP/1.1" 206 78590 "-" "MetaURI API/2.0 +metauri.com"
17.142.159.157 - - [27/Aug/2017:07:52:38 +0000] "GET /lu/senses/fever.html HTTP/1.1" 200 30505 "-" "Mozilla/5.0 (Macintosh; Intel Mac OS X 10_10_1) AppleWebKit/600.2.5 (KHTML, like Gecko) Version/8.0.2 Safari/600.2.5 (Applebot/0.1; +http://www.apple.com/go/applebot)"
17.142.159.157 - - [27/Aug/2017:07:52:38 +0000] "GET /lu/senses/fever.html HTTP/1.1" 200 30505 "-" "Mozilla/5.0 (Macintosh; Intel Mac OS X 10_10_1) AppleWebKit/600.2.5 (KHTML, like Gecko) Version/8.0.2 Safari/600.2.5 (Applebot/0.1; +http://www.apple.com/go/applebot)"
52.21.173.16 - - [27/Aug/2017:07:52:39 +0000] "GET /lu/senses/fever.html HTTP/1.1" 200 30506 "-" "Mozilla/5.0 (Linux; U; Android 4.0.3; en-us; LG-L160L Build/IML74K) AppleWebkit/534.30 (KHTML, like Gecko) Version/4.0 Mobile Safari/534.30"
198.27.82.205 - - [27/Aug/2017:07:52:39 +0000] "GET /lu/senses/fever.html HTTP/1.1" 200 30469 "http://www.wischik.com/lu/senses/fever.html" "LivelapBot/0.2 (http://site.livelap.com/crawler)"
199.59.150.181 - - [27/Aug/2017:07:52:39 +0000] "GET /lu/senses/fever.html HTTP/1.1" 200 30450 "-" "Twitterbot/1.0"
199.59.150.180 - - [27/Aug/2017:07:52:40 +0000] "GET /lu/senses/fever.html HTTP/1.1" 200 30450 "-" "Twitterbot/1.0"
52.21.176.42 - - [27/Aug/2017:07:52:42 +0000] "GET /lu/senses/fever.html HTTP/1.1" 200 30506 "-" "Mozilla/5.0 (Macintosh; Intel Mac OS X 10_10_0) AppleWebKit/537.36 (KHTML, like Gecko) Chrome/37.0.2062.94 Safari/537.36"
23.96.208.137 - - [27/Aug/2017:07:52:54 +0000] "GET /lu/senses/fever.html HTTP/1.1" 200 30506 "-" "Mozilla/5.0 (compatible; MSIE 10.0; Windows NT 6.1; Trident/6.0)"
94.130.52.235 - - [27/Aug/2017:07:52:56 +0000] "GET /lu/senses/fever.html HTTP/1.1" 200 78578 "-" "-"
66.249.70.16 - - [27/Aug/2017:07:52:58 +0000] "GET /lu/research/fusion-machine/index.html HTTP/1.1" 200 2701 "-" "Mozilla/5.0 (Linux; Android 6.0.1; Nexus 5X Build/MMB29P) AppleWebKit/537.36 (KHTML, like Gecko) Chrome/41.0.2272.96 Mobile Safari/537.36 (compatible; Googlebot/2.1; +http://www.google.com/bot.html)"
144.76.23.99 - - [27/Aug/2017:07:53:04 +0000] "GET /robots.txt HTTP/1.1" 200 395 "-" "Mozilla/5.0 (X11; U; Linux x86_64; fr; rv:1.9.0.7) Gecko/2009030423 Ubuntu/8.10 (intrepid) Firefox/3.0.7"
144.76.23.99 - - [27/Aug/2017:07:53:04 +0000] "GET /lu/senses/fever.html HTTP/1.1" 200 30469 "-" "Mozilla/5.0 (X11; U; Linux x86_64; fr; rv:1.9.0.7) Gecko/2009030423 Ubuntu/8.10 (intrepid) Firefox/3.0.7"
85.220.117.188 - - [27/Aug/2017:07:53:56 +0000] "GET /damon/Texts/myersbriggstrek.html HTTP/1.1" 200 9038 "https://www.google.is/" "Mozilla/5.0 (Windows NT 10.0; Win64; x64) AppleWebKit/537.36 (KHTML, like Gecko) Chrome/60.0.3112.101 Safari/537.36"
85.220.117.188 - - [27/Aug/2017:07:53:56 +0000] "GET /favicon.ico HTTP/1.1" 404 503 "http://www.wischik.com/damon/Texts/myersbriggstrek.html" "Mozilla/5.0 (Windows NT 10.0; Win64; x64) AppleWebKit/537.36 (KHTML, like Gecko) Chrome/60.0.3112.101 Safari/537.36"
51.255.66.100 - - [27/Aug/2017:07:54:02 +0000] "GET /lu/senses/fever.html HTTP/1.1" 200 30450 "-" "Mozilla/5.0 (compatible; AhrefsBot/5.2; News; +http://ahrefs.com/robot/)"
207.46.13.85 - - [27/Aug/2017:07:54:13 +0000] "GET /lu/senses/galciv/Terraforming.gif HTTP/1.1" 200 6089 "-" "Mozilla/5.0 (compatible; bingbot/2.0; +http://www.bing.com/bingbot.htm)"
207.46.13.85 - - [27/Aug/2017:07:55:09 +0000] "GET /damon/Texts/kefir/Okeeffe12.jpg HTTP/1.1" 200 137417 "-" "Mozilla/5.0 (compatible; bingbot/2.0; +http://www.bing.com/bingbot.htm)"
207.46.13.105 - - [27/Aug/2017:07:55:12 +0000] "GET /damon/recipe/tag/Lu HTTP/1.1" 200 1496 "-" "Mozilla/5.0 (compatible; bingbot/2.0; +http://www.bing.com/bingbot.htm)"
51.255.65.47 - - [27/Aug/2017:07:55:19 +0000] "GET /damon/recipe/tag/stilton HTTP/1.1" 200 636 "-" "Mozilla/5.0 (compatible; AhrefsBot/5.2; +http://ahrefs.com/robot/)"
217.182.132.97 - - [27/Aug/2017:07:55:38 +0000] "GET /damon/Recipe/html/beefstroganoff.html HTTP/1.1" 301 540 "-" "Mozilla/5.0 (compatible; AhrefsBot/5.2; +http://ahrefs.com/robot/)"
207.46.13.169 - - [27/Aug/2017:07:55:43 +0000] "GET /lu/programmer/catalog/2007.05.06%20-%20Flight%20to%20Astoria/IMG_2205.jpg HTTP/1.1" 200 29784 "-" "Mozilla/5.0 (compatible; bingbot/2.0; +http://www.bing.com/bingbot.htm)"
61.23.182.32 - - [27/Aug/2017:07:55:48 +0000] "GET /lu/senses/city-of-god.html HTTP/1.1" 200 12506 "https://ja.wikipedia.org/" "Mozilla/5.0 (Windows NT 10.0; Win64; x64) AppleWebKit/537.36 (KHTML, like Gecko) Chrome/60.0.3112.101 Safari/537.36"
61.23.182.32 - - [27/Aug/2017:07:55:49 +0000] "GET /favicon.ico HTTP/1.1" 404 503 "http://www.wischik.com/lu/senses/city-of-god.html" "Mozilla/5.0 (Windows NT 10.0; Win64; x64) AppleWebKit/537.36 (KHTML, like Gecko) Chrome/60.0.3112.101 Safari/537.36"
207.46.13.105 - - [27/Aug/2017:07:55:57 +0000] "GET /damon/recipe/rcp/adventcalendar.jpg HTTP/1.1" 200 54501 "-" "Mozilla/5.0 (compatible; bingbot/2.0; +http://www.bing.com/bingbot.htm)"
157.55.39.71 - - [27/Aug/2017:07:56:01 +0000] "GET /lu/photos/photo-lakemono.jpg HTTP/1.1" 200 46903 "-" "Mozilla/5.0 (compatible; bingbot/2.0; +http://www.bing.com/bingbot.htm)"
207.46.13.105 - - [27/Aug/2017:07:56:17 +0000] "GET /claude/art/withouthands.jpg HTTP/1.1" 200 6924 "-" "Mozilla/5.0 (compatible; bingbot/2.0; +http://www.bing.com/bingbot.htm)"
212.244.210.218 - - [27/Aug/2017:07:56:33 +0000] "GET /lu/massage/back.jpg HTTP/1.1" 200 22098 "-" "Mozilla/5.0 (Linux; Android 7.0; SM-G920F Build/NRD90M; wv) AppleWebKit/537.36 (KHTML, like Gecko) Version/4.0 Chrome/59.0.3071.125 Mobile Safari/537.36 GSA/7.8.22.21.arm64"
46.118.118.100 - - [27/Aug/2017:07:57:06 +0000] "GET /lu/senses/ HTTP/1.1" 200 717 "http://chatroulette.video/" "Mozilla/4.0 (compatible; MSIE 6.0; Windows NT 5.1)"
72.30.14.95 - - [27/Aug/2017:07:57:38 +0000] "GET /robots.txt HTTP/1.1" 200 359 "-" "Mozilla/5.0 (compatible; Yahoo! Slurp; http://help.yahoo.com/help/us/ysearch/slurp)"
72.30.14.95 - - [27/Aug/2017:07:57:38 +0000] "HEAD /lu/senses/fever.html HTTP/1.1" 200 287 "-" "Mozilla/5.0 (compatible; Yahoo! Slurp; http://help.yahoo.com/help/us/ysearch/slurp)"
207.46.13.105 - - [27/Aug/2017:07:58:23 +0000] "GET /lu/faces/t201a.jpeg HTTP/1.1" 200 6077 "-" "Mozilla/5.0 (compatible; bingbot/2.0; +http://www.bing.com/bingbot.htm)"
207.46.13.169 - - [27/Aug/2017:07:58:58 +0000] "GET /damon/recipe/empanmarcus HTTP/1.1" 200 1312 "-" "Mozilla/5.0 (iPhone; CPU iPhone OS 7_0 like Mac OS X) AppleWebKit/537.51.1 (KHTML, like Gecko) Version/7.0 Mobile/11A465 Safari/9537.53 (compatible; bingbot/2.0; +http://www.bing.com/bingbot.htm)"
72.30.14.95 - - [27/Aug/2017:07:59:11 +0000] "HEAD /lu/senses/fever.html HTTP/1.1" 200 287 "-" "Mozilla/5.0 (compatible; Yahoo! Slurp; http://help.yahoo.com/help/us/ysearch/slurp)"
40.77.177.102 - - [27/Aug/2017:07:59:11 +0000] "GET /marcus/essay/essay.css HTTP/1.1" 200 1626 "-" "Mozilla/5.0 (iPhone; CPU iPhone OS 7_0 like Mac OS X) AppleWebKit/537.51.1 (KHTML, like Gecko) Version/7.0 Mobile/11A465 Safari/9537.53 BingPreview/1.0b"
216.244.66.250 - - [27/Aug/2017:07:59:18 +0000] "GET /damon/Texts/Buyu-old/yuanqing.html HTTP/1.1" 200 7065 "-" "Mozilla/5.0 (compatible; DotBot/1.1; http://www.opensiteexplorer.org/dotbot, help@moz.com)"
207.46.13.85 - - [27/Aug/2017:07:59:31 +0000] "GET /lu/research/verify-tla/abehav.gif HTTP/1.1" 200 5685 "-" "Mozilla/5.0 (compatible; bingbot/2.0; +http://www.bing.com/bingbot.htm)"
157.55.39.71 - - [27/Aug/2017:07:59:33 +0000] "GET /claude/sailing/2006-07-25_tranquility.jpg HTTP/1.1" 200 51728 "-" "Mozilla/5.0 (compatible; bingbot/2.0; +http://www.bing.com/bingbot.htm)"
180.76.15.153 - - [27/Aug/2017:07:59:34 +0000] "GET /lu/philosophy/talks/2008.06.05%20-%20Mirror%20Neurons%201%20-%20Marco%20Iacohoni%20-%20hardwired%20empathy.jpg HTTP/1.1" 200 303470 "-" "Mozilla/5.0 (compatible; Baiduspider/2.0; +http://www.baidu.com/search/spider.html)"
171.100.25.42 - - [27/Aug/2017:07:59:52 +0000] "GET /lu/massage/hand.jpg HTTP/1.1" 200 17879 "http://www.ac108.com/forum_thai/index.php?topic=609.0" "Mozilla/5.0 (Windows NT 6.1; Win64; x64) AppleWebKit/537.36 (KHTML, like Gecko) Chrome/60.0.3112.101 Safari/537.36"
66.249.64.144 - - [27/Aug/2017:07:59:54 +0000] "GET /damon/recipe/carrotcake HTTP/1.1" 200 1772 "-" "Mozilla/5.0 (compatible; Googlebot/2.1; +http://www.google.com/bot.html)"
157.55.39.71 - - [27/Aug/2017:08:00:13 +0000] "GET /lu/tarot/coins09.jpg HTTP/1.1" 200 76520 "-" "Mozilla/5.0 (compatible; bingbot/2.0; +http://www.bing.com/bingbot.htm)"
174.96.168.209 - - [27/Aug/2017:08:01:32 +0000] "GET /damon/Songs/greenblade.html HTTP/1.1" 200 860 "https://www.google.com/" "Mozilla/5.0 (Windows NT 6.0; WOW64) AppleWebKit/537.36 (KHTML, like Gecko) Chrome/49.0.2623.112 Safari/537.36"
174.96.168.209 - - [27/Aug/2017:08:01:32 +0000] "GET /damon/Songs/leaf3.jpg HTTP/1.1" 200 5699 "http://www.wischik.com/damon/Songs/greenblade.html" "Mozilla/5.0 (Windows NT 6.0; WOW64) AppleWebKit/537.36 (KHTML, like Gecko) Chrome/49.0.2623.112 Safari/537.36"
174.96.168.209 - - [27/Aug/2017:08:01:33 +0000] "GET /favicon.ico HTTP/1.1" 404 503 "http://www.wischik.com/damon/Songs/greenblade.html" "Mozilla/5.0 (Windows NT 6.0; WOW64) AppleWebKit/537.36 (KHTML, like Gecko) Chrome/49.0.2623.112 Safari/537.36"
207.46.13.105 - - [27/Aug/2017:08:02:04 +0000] "GET /lu/photos/julien-thisbig-small.jpg HTTP/1.1" 200 3870 "-" "Mozilla/5.0 (compatible; bingbot/2.0; +http://www.bing.com/bingbot.htm)"
207.46.13.105 - - [27/Aug/2017:08:02:09 +0000] "GET /lu/programmer/catalog/2007.05.06%20-%20Flight%20to%20Astoria/IMG_2199.jpg HTTP/1.1" 200 32542 "-" "Mozilla/5.0 (compatible; bingbot/2.0; +http://www.bing.com/bingbot.htm)"
216.244.66.250 - - [27/Aug/2017:08:02:49 +0000] "GET /robots.txt HTTP/1.1" 200 359 "-" "Mozilla/5.0 (compatible; DotBot/1.1; http://www.opensiteexplorer.org/dotbot, help@moz.com)"
216.244.66.250 - - [27/Aug/2017:08:02:49 +0000] "GET /robots.txt HTTP/1.1" 200 359 "-" "Mozilla/5.0 (compatible; DotBot/1.1; http://www.opensiteexplorer.org/dotbot, help@moz.com)"
54.165.59.7 - - [27/Aug/2017:08:04:00 +0000] "GET /robots.txt HTTP/1.0" 200 352 "-" "ia_archiver"
54.165.59.7 - - [27/Aug/2017:08:04:00 +0000] "GET /lu/lady/hearing-witch.html HTTP/1.0" 200 3227 "-" "ia_archiver"
54.165.59.7 - - [27/Aug/2017:08:04:06 +0000] "GET /damon/Texts/popetym.html HTTP/1.0" 200 9624 "-" "ia_archiver"
54.165.59.7 - - [27/Aug/2017:08:04:11 +0000] "GET /lu/art/italian-il-sesso-di-un-aragosta.html HTTP/1.0" 200 4288 "-" "ia_archiver"
157.55.39.71 - - [27/Aug/2017:08:04:14 +0000] "GET /lu/travel/swimming/washs_dinner.jpg HTTP/1.1" 200 42288 "-" "Mozilla/5.0 (compatible; bingbot/2.0; +http://www.bing.com/bingbot.htm)"
157.55.39.71 - - [27/Aug/2017:08:04:15 +0000] "GET /irene/cross/10-small.jpg HTTP/1.1" 200 4929 "-" "Mozilla/5.0 (compatible; bingbot/2.0; +http://www.bing.com/bingbot.htm)"
157.55.39.71 - - [27/Aug/2017:08:04:15 +0000] "GET /lu/lady/touch-trinity-12.jpg HTTP/1.1" 200 1425 "-" "Mozilla/5.0 (compatible; bingbot/2.0; +http://www.bing.com/bingbot.htm)"
54.165.59.7 - - [27/Aug/2017:08:04:16 +0000] "GET /marcus/essay/europe.html HTTP/1.0" 200 22267 "-" "ia_archiver"
54.165.59.7 - - [27/Aug/2017:08:04:21 +0000] "GET /marcus/project10.html HTTP/1.0" 200 5309 "-" "ia_archiver"
207.46.13.105 - - [27/Aug/2017:08:05:29 +0000] "GET /lu/faces/193a.jpeg HTTP/1.1" 200 6210 "-" "Mozilla/5.0 (compatible; bingbot/2.0; +http://www.bing.com/bingbot.htm)"
207.46.13.85 - - [27/Aug/2017:08:06:32 +0000] "GET /lu/travel/sailing/sail9.jpg HTTP/1.1" 200 120622 "-" "Mozilla/5.0 (compatible; bingbot/2.0; +http://www.bing.com/bingbot.htm)"
216.244.66.243 - - [27/Aug/2017:08:06:42 +0000] "GET /robots.txt HTTP/1.1" 200 359 "-" "Mozilla/5.0 (compatible; DotBot/1.1; http://www.opensiteexplorer.org/dotbot, help@moz.com)"
157.55.39.71 - - [27/Aug/2017:08:07:25 +0000] "GET /lu/programmer/catalog/2007.04.12%20-%20at%20James%27/Capture_00037.jpg HTTP/1.1" 200 47603 "-" "Mozilla/5.0 (compatible; bingbot/2.0; +http://www.bing.com/bingbot.htm)"
207.46.13.169 - - [27/Aug/2017:08:07:30 +0000] "GET /lu/travel/swimming/route_bvi.jpg HTTP/1.1" 200 75305 "-" "Mozilla/5.0 (compatible; bingbot/2.0; +http://www.bing.com/bingbot.htm)"
37.187.162.126 - - [27/Aug/2017:08:07:42 +0000] "GET /lu/senses/fever.html HTTP/1.1" 200 30506 "-" "Mozilla/5.0 (compatible; PaperLiBot/2.1; http://support.paper.li/entries/20023257-what-is-paper-li)"
37.187.162.126 - - [27/Aug/2017:08:07:42 +0000] "GET /lu/senses/fever.html HTTP/1.1" 200 30506 "-" "Mozilla/5.0 (compatible; PaperLiBot/2.1; http://support.paper.li/entries/20023257-what-is-paper-li)"
207.46.13.169 - - [27/Aug/2017:08:08:01 +0000] "GET /lu/travel/sailing/sail21.jpg HTTP/1.1" 200 169057 "-" "Mozilla/5.0 (compatible; bingbot/2.0; +http://www.bing.com/bingbot.htm)"
73.246.74.104 - - [27/Aug/2017:08:08:02 +0000] "GET /irene/cross/12-jesus-dies-on-the-cross.jpg HTTP/1.1" 200 77292 "https://www.bing.com/" "Mozilla/5.0 (Windows NT 10.0; Win64; x64) AppleWebKit/537.36 (KHTML, like Gecko) Chrome/52.0.2743.116 Safari/537.36 Edge/15.15063"
207.46.13.85 - - [27/Aug/2017:08:08:19 +0000] "GET /lu/senses/sticky/sticks/Culture/Film/Monty%20Python%20foot%20(Nile).gif HTTP/1.1" 200 9824 "-" "Mozilla/5.0 (compatible; bingbot/2.0; +http://www.bing.com/bingbot.htm)"
207.46.13.85 - - [27/Aug/2017:08:08:19 +0000] "GET /lu/faces/t197.jpeg HTTP/1.1" 200 6878 "-" "Mozilla/5.0 (compatible; bingbot/2.0; +http://www.bing.com/bingbot.htm)"
73.246.74.104 - - [27/Aug/2017:08:08:23 +0000] "-" 408 0 "-" "-"
74.117.180.23 - - [27/Aug/2017:08:08:41 +0000] "HEAD /lu/programmer/shelllink.zip HTTP/1.1" 200 266 "-" "Mozilla/5.0 (Windows NT 5.1; rv:49.0) Gecko/20100101 Firefox/49.0"
157.55.39.71 - - [27/Aug/2017:08:08:45 +0000] "GET /lu/senses/sticky/extrasticks.php?cat=Culture%2FMusicians&s=cf988c7da6065f155cffba8df97bf2da HTTP/1.1" 500 276 "-" "Mozilla/5.0 (compatible; bingbot/2.0; +http://www.bing.com/bingbot.htm)"
207.46.13.105 - - [27/Aug/2017:08:09:10 +0000] "GET /irene/cross/13-small.jpg HTTP/1.1" 200 4817 "-" "Mozilla/5.0 (compatible; bingbot/2.0; +http://www.bing.com/bingbot.htm)"
207.46.13.169 - - [27/Aug/2017:08:09:13 +0000] "GET /irene/cross/4-small.jpg HTTP/1.1" 200 4784 "-" "Mozilla/5.0 (compatible; bingbot/2.0; +http://www.bing.com/bingbot.htm)"
207.46.13.105 - - [27/Aug/2017:08:09:20 +0000] "GET /lu/photos/stepped-paddies-sky-small.jpg HTTP/1.1" 200 5369 "-" "Mozilla/5.0 (compatible; bingbot/2.0; +http://www.bing.com/bingbot.htm)"
207.46.13.105 - - [27/Aug/2017:08:09:25 +0000] "GET /lu/senses/world-pcgdpandjustice.gif HTTP/1.1" 200 11246 "-" "Mozilla/5.0 (compatible; bingbot/2.0; +http://www.bing.com/bingbot.htm)"
207.46.13.85 - - [27/Aug/2017:08:09:28 +0000] "GET /lu/tarot/cups01.jpg HTTP/1.1" 200 55852 "-" "Mozilla/5.0 (compatible; bingbot/2.0; +http://www.bing.com/bingbot.htm)"
207.46.13.169 - - [27/Aug/2017:08:09:29 +0000] "GET /lu/photos/photo-luship-small.jpg HTTP/1.1" 200 4494 "-" "Mozilla/5.0 (compatible; bingbot/2.0; +http://www.bing.com/bingbot.htm)"
207.46.13.169 - - [27/Aug/2017:08:09:29 +0000] "GET /lu/art/waltzing_beans.jpg HTTP/1.1" 200 54237 "-" "Mozilla/5.0 (compatible; bingbot/2.0; +http://www.bing.com/bingbot.htm)"
79.78.236.148 - - [27/Aug/2017:08:10:11 +0000] "-" 408 0 "-" "-"
79.78.236.148 - - [27/Aug/2017:08:10:11 +0000] "-" 408 0 "-" "-"
104.227.92.129 - - [27/Aug/2017:08:10:20 +0000] "GET /lu/art/italian-phrases-for-meeting-people.html HTTP/1.1" 200 3413 "http://www.wischik.com/" "Mozilla/5.0 (Windows NT 10.0; Win64; x64) AppleWebKit/537.36 (KHTML, like Gecko) Chrome/59.0.3071.104 Safari/537.36"
195.167.10.3 - - [27/Aug/2017:08:10:34 +0000] "GET /marcus/essay/faust2.html HTTP/1.1" 200 3700 "-" "Mozilla/5.0 (iPhone; CPU iPhone OS 10_3_1 like Mac OS X) AppleWebKit/603.1.30 (KHTML, like Gecko) Version/10.0 Mobile/14E304 Safari/602.1"
195.167.10.3 - - [27/Aug/2017:08:10:35 +0000] "GET /apple-touch-icon-120x120-precomposed.png HTTP/1.1" 404 525 "-" "MobileSafari/602.1 CFNetwork/811.4.18 Darwin/16.5.0"
195.167.10.3 - - [27/Aug/2017:08:10:35 +0000] "GET /apple-touch-icon-120x120.png HTTP/1.1" 404 517 "-" "MobileSafari/602.1 CFNetwork/811.4.18 Darwin/16.5.0"
195.167.10.3 - - [27/Aug/2017:08:10:35 +0000] "GET /apple-touch-icon-precomposed.png HTTP/1.1" 404 517 "-" "MobileSafari/602.1 CFNetwork/811.4.18 Darwin/16.5.0"
195.167.10.3 - - [27/Aug/2017:08:10:35 +0000] "GET /apple-touch-icon.png HTTP/1.1" 404 511 "-" "MobileSafari/602.1 CFNetwork/811.4.18 Darwin/16.5.0"
195.167.10.3 - - [27/Aug/2017:08:10:35 +0000] "GET /favicon.ico HTTP/1.1" 404 503 "-" "MobileSafari/602.1 CFNetwork/811.4.18 Darwin/16.5.0"
195.167.10.3 - - [27/Aug/2017:08:10:35 +0000] "GET /apple-touch-icon-120x120-precomposed.png HTTP/1.1" 404 524 "-" "MobileSafari/602.1 CFNetwork/811.4.18 Darwin/16.5.0"
195.167.10.3 - - [27/Aug/2017:08:10:35 +0000] "GET /apple-touch-icon-120x120.png HTTP/1.1" 404 517 "-" "MobileSafari/602.1 CFNetwork/811.4.18 Darwin/16.5.0"
195.167.10.3 - - [27/Aug/2017:08:10:35 +0000] "GET /apple-touch-icon-precomposed.png HTTP/1.1" 404 517 "-" "MobileSafari/602.1 CFNetwork/811.4.18 Darwin/16.5.0"
